MPASM 5.63  /HOME/BEN/DOCUMENTS/BREADBOARDIN   12-7-2015  19:11:37         PAGE  1


LOC  OBJECT CODE     LINE SOURCE TEXT
  VALUE

                      00001 #include <p16f883.inc>
                      00001         LIST
                      00002 
                      00003 ;==========================================================================
                      00004 ; Build date : Aug 13 2015
                      00005 ;  MPASM PIC16F883 processor include
                      00006 ; 
                      00007 ;  (c) Copyright 1999-2015 Microchip Technology, All rights reserved
                      00008 ;==========================================================================
                      00009 
                      00781         LIST
2007   20C4           00002         __CONFIG        _CONFIG1, _LVP_OFF & _FCMEN_OFF & _IESO_OFF & _BOR_OFF & _CPD_OFF & _CP_OFF & _M
                            CLRE_OFF & _PWRTE_ON & _WDT_OFF & _INTRC_OSC_NOCLKOUT
2008   3EFF           00003         __CONFIG        _CONFIG2, _WRT_OFF & _BOR21V
                      00004 
                      00005 #define SS      RA5
                      00006 #define SCK     RC3
                      00007 #define SDI     RC4
                      00008 #define SDO     RC5
                      00009 #define LEFT    RB4
                      00010 #define UP      RB1
                      00011 #define DOWN    RB5
                      00012 #define RIGHT   RB7
                      00013 #define START   RB6
                      00014 #define GRN_LED RB3
                      00015 #define STOP    RB0
                      00016 #define RED_LED RB3
                      00017 #define ALARM   RA4
                      00018 #define HEAT    RA3
                      00019 #define T_REF   RA0
                      00020 #define T_K1    RA1
                      00021 #define T_K2    RA2
                      00022 
                      00023 #define MAX_ARRAY_SIZE  .8      ; 96 bytes are available in banks 2 and 3
                      00024 #define TIME_ARRAY      0x110
                      00025 #define TEMP_ARRAY      0x190
                      00026 
                      00027 #define UINT16_T        2
                      00028 
                      00029 #define TT_BOOLEAN      0
                      00030 #define START_BOOLEAN   1
                      00031 
                      00032 #define TMR0_PERIOD     .125
                      00033 #define TIME_COUNTER_SET_VALUE  .255
                      00034 #define LED_INTENSITY   .8      ; Light Intensity from 0-15
                      00035 
                      00036 ; Digits 0-9 have lookup indices 0-9, but :, deg, and C
                      00037 #define SEMICOLON       .10     
                      00038 #define DEGREE_SIGN     .11
                      00039 #define CELSIUS .12
                      00040 #define ALL_OFF .13
                      00041 
                      00042         cblock  0x20
MPASM 5.63  /HOME/BEN/DOCUMENTS/BREADBOARDIN   12-7-2015  19:11:37         PAGE  2


LOC  OBJECT CODE     LINE SOURCE TEXT
  VALUE

  00000020            00043                 t0
  00000021            00044                 T0
  00000022            00045                 t1
  00000023            00046                 T1
  00000024            00047                 t2
  00000025            00048                 T2
  00000026            00049                 t3
  00000027            00050                 T3
  00000028            00051                 t4
  00000029            00052                 T4
  0000002A            00053                 t5
  0000002B            00054                 T5
  0000002C            00055                 t6
  0000002D            00056                 T6
  0000002E            00057                 t7
  0000002F            00058                 T7
  00000030            00059                 time: UINT16_T
  00000032            00060                 Temp
  00000033            00061                 booleans_reg
  00000034            00062                 time_counter_L
  00000035            00063                 time_counter_H
  00000036            00064                 datapoint
  00000037            00065                 POSITION_RAM
  00000038            00066                 POSITION_EE
  00000039            00067                 LastTime
  0000003A            00068                 SPI_tx1 ; first byte to be transfered out by SPI
  0000003B            00069                 SPI_tx2 ; second byte to be transfered out by SPI
                      00070                 ; LED Display Function Variables
  0000003C            00071                 seconds: UINT16_T
  0000003E            00072                 minutes
  0000003F            00073                 dig1
  00000040            00074                 dig2
  00000041            00075                 dig3
  00000042            00076                 dig4
  00000043            00077                 digSpecial
  00000044            00078                 delay1
  00000045            00079                 delay2
  00000046            00080                 delay3
  00000047            00081                 temp
                      00082         endc
                      00083 
0000                  00084         ORG     0x0
0000                  00085 Reset_Vector
0000   28D1           00086         GOTO    Initialize_IO
                      00087 
0001                  00088 Interupt_Vector
0004                  00089         ORG     0x4
0004   1283 1303      00090         BANKSEL 0
0006   0185           00091         CLRF    PORTA   ; shut down all potential output signals
0007   0186           00092         CLRF    PORTB   ; (i.e. shut down the relay)
0008   0187           00093         CLRF    PORTC
0009   10B3           00094         BCF     booleans_reg, START_BOOLEAN
000A   1B06           00095         BTFSC   PORTB, START
MPASM 5.63  /HOME/BEN/DOCUMENTS/BREADBOARDIN   12-7-2015  19:11:37         PAGE  3


LOC  OBJECT CODE     LINE SOURCE TEXT
  VALUE

000B   14B3           00096         BSF     booleans_reg, START_BOOLEAN
000C   28D1           00097         GOTO    Initialize_IO   ; reinitialize program state/memory
                      00098 
                      00099 ;________________________Function Definitions_______________________;
                      00100 
                      00101 ; W LED_lookup_table (W); // warning: undefined behavior if W > 13
0010                  00102         ORG     0x10
0010                  00103 LED_Lookup_Table
                      00104         ; MUST MAKE SURE THE TABLE WILL NOT CROSS A 256 BYTE BOUNDARY!
0010   0782           00105         ADDWF   PCL, F
0011   347E           00106         RETLW   B'01111110'     ; 0
0012   3430           00107         RETLW   B'00110000'     ; 1
0013   346D           00108         RETLW   B'01101101'     ; 2
0014   3479           00109         RETLW   B'01111001'     ; 3
0015   3433           00110         RETLW   B'00110011'     ; 4
0016   345B           00111         RETLW   B'01011011'     ; 5
0017   345F           00112         RETLW   B'01011111'     ; 6
0018   3470           00113         RETLW   B'01110000'     ; 7
0019   347F           00114         RETLW   B'01111111'     ; 8
001A   3473           00115         RETLW   B'01110011'     ; 9
001B   3460           00116         RETLW   B'01100000'     ; semicolon for clock
001C   3410           00117         RETLW   B'00010000'     ; degree sign for temperature
001D   344E           00118         RETLW   B'01001110'     ; C for celsius
001E   3400           00119         RETLW   B'00000000'     ; All off
                      00120 
                      00121 ; void CLRF_X (uintX_t *addr);
                      00122 CLRF_X  MACRO   Addr, Addr_Size
                      00123         local   i = 0
                      00124         while   i < Addr_Size
                      00125           CLRF  (Addr + i)
                      00126         i = i + 1
                      00127         endw
                      00128         ENDM
                      00129 
                      00130 ; void COPY_X (uintX_t *source, uintX_t *destination);
                      00131 COPY_X  MACRO   src, dest, size
                      00132         local   i = 0
                      00133         while   i < size
                      00134           MOVF  (src + i), W
                      00135           MOVWF (dest + i)
                      00136           i = i + 1
                      00137         endw
                      00138         ENDM
                      00139 
                      00140 ; void SUBWF_X (uintX_t *addr, uint8_t W);
                      00141 SUBWF_X MACRO   Addr, Addr_Size
                      00142         ; Declare a unique "break" label for each instantiation of SUBWF_X
                      00143         ; and a local variable for expanding Addr_Size times
                      00144         local   Break, i
                      00145         variable        i = 0
                      00146         while   i < Addr_Size
                      00147           SUBWF (Addr + i), F
                      00148           BTFSC STATUS, C
MPASM 5.63  /HOME/BEN/DOCUMENTS/BREADBOARDIN   12-7-2015  19:11:37         PAGE  4


LOC  OBJECT CODE     LINE SOURCE TEXT
  VALUE

                      00149           GOTO  Break
                      00150           MOVLW 1
                      00151           i = i + 1     
                      00152         endw
                      00153 Break
                      00154         ENDM
                      00155 
                      00156 ; void Update_LED_Display (uint16_t time, uint8_t Temp, uint8_t *tT_boolean);
001F                  00157 Update_LED_Display
001F   01BF           00158         CLRF    dig1
0020   01C0           00159         CLRF    dig2
0021   01C1           00160         CLRF    dig3
0022   01C2           00161         CLRF    dig4    
0023   1283 1303      00162         BANKSEL booleans_reg
0025   1833           00163         BTFSC   booleans_reg, TT_BOOLEAN
0026   2852           00164         GOTO    Binary_to_Decimal_for_Temp
0027                  00165 Seconds_to_Minutes_for_Time
0027   01BE           00166         CLRF    minutes
                      00167         COPY_X  time, seconds, UINT16_T
  0000                    M         local   i = 0
                          M         while   i < 2
0028   0830               M           MOVF  (time + i), W
0029   00BC               M           MOVWF (seconds + i)
  00000001                M           i = i + 1
002A   0831               M           MOVF  (time + i), W
002B   00BD               M           MOVWF (seconds + i)
  00000002                M           i = i + 1
                          M         endw
002C                  00168 Divide_by_60_Loop
002C   303C           00169         MOVLW   .60
                      00170         SUBWF_X seconds, UINT16_T
                          M         ; Declare a unique "break" label for each instantiation of SUBWF_X
                          M         ; and a local variable for expanding Addr_Size times
  0000                    M         local   Break, i
  0000                    M         variable        i = 0
                          M         while   i < 2
002D   02BC               M           SUBWF (seconds + i), F
002E   1803               M           BTFSC STATUS, C
002F   2835               M           GOTO  Break
0030   3001               M           MOVLW 1
  00000001                M           i = i + 1     
0031   02BD               M           SUBWF (seconds + i), F
0032   1803               M           BTFSC STATUS, C
0033   2835               M           GOTO  Break
0034   3001               M           MOVLW 1
  00000002                M           i = i + 1     
                          M         endw
0035                      M Break
0035   1803           00171         BTFSC   STATUS, C
0036   0ABE           00172         INCF    minutes, F
0037   1803           00173         BTFSC   STATUS, C
0038   282C           00174         GOTO    Divide_by_60_Loop
0039   303C           00175         MOVLW   .60
MPASM 5.63  /HOME/BEN/DOCUMENTS/BREADBOARDIN   12-7-2015  19:11:37         PAGE  5


LOC  OBJECT CODE     LINE SOURCE TEXT
  VALUE

003A   07BC           00176         ADDWF   seconds, F
003B                  00177 Binary_to_Decimal_for_Seconds
003B   300A           00178         MOVLW   .10
003C   02BC           00179         SUBWF   seconds, F
003D   1803           00180         BTFSC   STATUS, C
003E   0AC0           00181         INCF    dig2, F
003F   1803           00182         BTFSC   STATUS, C
0040   283B           00183         GOTO    Binary_to_Decimal_for_Seconds
0041   300A           00184         MOVLW   .10
0042   07BC           00185         ADDWF   seconds, F
0043                  00186 Binary_to_Decimal_for_Minutes
0043   300A           00187         MOVLW   .10
0044   02BE           00188         SUBWF   minutes, F
0045   1803           00189         BTFSC   STATUS, C
0046   0AC2           00190         INCF    dig4, F
0047   1803           00191         BTFSC   STATUS, C
0048   2843           00192         GOTO    Binary_to_Decimal_for_Minutes
0049   300A           00193         MOVLW   .10
004A   07BE           00194         ADDWF   minutes, F
004B                  00195 Prepare_to_Display_Time
004B   083C           00196         MOVF    seconds, W
004C   00BF           00197         MOVWF   dig1
004D   083E           00198         MOVF    minutes, W
004E   00C1           00199         MOVWF   dig3
004F   300A           00200         MOVLW   SEMICOLON
0050   00C3           00201         MOVWF   digSpecial
0051   2869           00202         GOTO    Update_5_Digits
0052                  00203 Binary_to_Decimal_for_Temp
0052   0832           00204         MOVF    Temp, W
0053   00C0           00205         MOVWF   dig2
0054   3002           00206         MOVLW   .2
0055   00C1           00207         MOVWF   dig3    ; add 20, because Temp=0 represents T=20deg
0056                  00208 Subtract_Division_Loop
0056   300A           00209         MOVLW   .10             
0057   02C0           00210         SUBWF   dig2, F ; subtract 10 from dividend
0058   1C03           00211         BTFSS   STATUS, C       ; did an underflow occur?
0059   2863           00212         GOTO    Remainder_Restoration   ; if so, then division loop is complete
005A   0AC1           00213         INCF    dig3, F ; increment 10s digit
005B   1DC1           00214         BTFSS   dig3, 3 ; test if 10s has carry over (test 8 digit)
005C   2856           00215         GOTO    Subtract_Division_Loop
005D   1CC1           00216         BTFSS   dig3, 1 ; (test 2 digit; 8+2 = 10)
005E   2856           00217         GOTO    Subtract_Division_Loop
005F   300A           00218         MOVLW   .10
0060   02C1           00219         SUBWF   dig3, F ; subtract 10 from the 10s digit
0061   0AC2           00220         INCF    dig4, F ; increment the 100s digit from 10s carry over
0062   2856           00221         GOTO    Subtract_Division_Loop
0063                  00222 Remainder_Restoration
0063   300A           00223         MOVLW   .10
0064   07C0           00224         ADDWF   dig2, F
0065                  00225 Prepare_to_Display_Temp
0065   300B           00226         MOVLW   DEGREE_SIGN
0066   00C3           00227         MOVWF   digSpecial
0067   300C           00228         MOVLW   CELSIUS
MPASM 5.63  /HOME/BEN/DOCUMENTS/BREADBOARDIN   12-7-2015  19:11:37         PAGE  6


LOC  OBJECT CODE     LINE SOURCE TEXT
  VALUE

0068   00BF           00229         MOVWF   dig1
0069                  00230 Update_5_Digits
0069   3005           00231         MOVLW   0x5     ; MAX7219 digit 0 address for degree sign
006A   00BA           00232         MOVWF   SPI_tx1
006B   0843           00233         MOVF    digSpecial, W
006C   2010           00234         CALL    LED_Lookup_Table        ; lookup A-DP code for semicolon
006D   00BB           00235         MOVWF   SPI_tx2
006E   2096           00236         CALL    SPI_2byte_Transfer
006F   3001           00237         MOVLW   0x1     ; MAX7219 digit 1 address for leftmost display digit
0070   00BA           00238         MOVWF   SPI_tx1
0071   0842           00239         MOVF    dig4, W
0072   2010           00240         CALL    LED_Lookup_Table        ; lookup appropriate A-DP code
0073   00BB           00241         MOVWF   SPI_tx2
0074   2096           00242         CALL    SPI_2byte_Transfer
0075   3002           00243         MOVLW   0x2     ; MAX7219 digit 2 address for 2nd to left digit
0076   00BA           00244         MOVWF   SPI_tx1
0077   0841           00245         MOVF    dig3, W
0078   2010           00246         CALL    LED_Lookup_Table        ; lookup appropriate A-DP code
0079   00BB           00247         MOVWF   SPI_tx2
007A   2096           00248         CALL    SPI_2byte_Transfer      ; send data through SPI
007B   3003           00249         MOVLW   0x3     ; MAX7219 digit 3 address for 3rd to left digit
007C   00BA           00250         MOVWF   SPI_tx1
007D   0840           00251         MOVF    dig2, W
007E   2010           00252         CALL    LED_Lookup_Table        ; lookup appropriate A-DP code
007F   00BB           00253         MOVWF   SPI_tx2
0080   2096           00254         CALL    SPI_2byte_Transfer      ; send data through SPI
0081   3004           00255         MOVLW   0x4     ; MAX7219 digit 4 address for rightmost display digit
0082   00BA           00256         MOVWF   SPI_tx1
0083   083F           00257         MOVF    dig1, W
0084   2010           00258         CALL    LED_Lookup_Table        ; lookup appropriate A-DP code
0085   00BB           00259         MOVWF   SPI_tx2
0086   2096           00260         CALL    SPI_2byte_Transfer      ; send data through SPI
                      00261 
0087   0008           00262         RETURN
                      00263 
                      00264 ; Loads time and temperature datapoints into time_L and Temp variables
0088                  00265 Compatibility_Function
0088   1283 1303      00266         BANKSEL datapoint
008A   0836           00267         MOVF    datapoint, W    ; get address of value to be displayed
008B   0084           00268         MOVWF   FSR             ; get value
008C   0800           00269         MOVF    INDF, W         ; store value in W      
008D   00C7           00270         MOVWF   temp
008E   1C36           00271         BTFSS   datapoint, 0    ; test if datapoint is a time or Temp
008F   00B0           00272         MOVWF   time            ; if time, store in time_L
0090   1836           00273         BTFSC   datapoint, 0
0091   00B2           00274         MOVWF   Temp            ; if Temp, store in Temp
0092   1033           00275         BCF     booleans_reg, TT_BOOLEAN
0093   1836           00276         BTFSC   datapoint, 0
0094   1433           00277         BSF     booleans_reg, TT_BOOLEAN
0095   0008           00278         RETURN
                      00279  
                      00280 Waste_Time      MACRO   s1, s2, s3
                      00281         MOVLW   s1
MPASM 5.63  /HOME/BEN/DOCUMENTS/BREADBOARDIN   12-7-2015  19:11:37         PAGE  7


LOC  OBJECT CODE     LINE SOURCE TEXT
  VALUE

                      00282         MOVWF   delay1
                      00283         MOVLW   s2
                      00284         MOVWF   delay2
                      00285         MOVLW   s3
                      00286         MOVWF   delay3
                      00287         DECFSZ  delay1, F
                      00288         GOTO    $-1
                      00289         DECFSZ  delay2, F
                      00290         GOTO    $-3
                      00291         DECFSZ  delay3, F
                      00292         GOTO    $-5
                      00293         ENDM
                      00294 
                      00295 ; void spi_2byte_transfer (SPI_tx1, SPI_tx2);
0096                  00296 SPI_2byte_Transfer
0096   1283 1303      00297         BANKSEL 0x0
0098   1285           00298         BCF     PORTA, SS       ; pull MAX7219 slave select active low
0099   083A           00299         MOVF    SPI_tx1, W      ; get the first byte to transmit
009A   0093           00300         MOVWF   SSPBUF          ; start transmission
009B   1683 1303      00301         BANKSEL SSPSTAT
009D   1C14           00302         BTFSS   SSPSTAT, BF     ; has data been received (transmit complete?)
009E   289D           00303         GOTO    $-1
009F   1283 1303      00304         BANKSEL 0x0             ; location of SPI_tx1, 2, and SSPBUF
00A1   083B           00305         MOVF    SPI_tx2, W
00A2   0093           00306         MOVWF   SSPBUF          ; start transmission
00A3   1683 1303      00307         BANKSEL SSPSTAT
00A5   1C14           00308         BTFSS   SSPSTAT, BF     ; wait for transmission completion
00A6   28A5           00309         GOTO    $-1
00A7   1283 1303      00310         BANKSEL 0x0             ; return to bank 0...
00A9   1685           00311         BSF     PORTA, SS       ; rising edge on MAX7219 LOAD/SS line
                      00312         Waste_Time      .16, .1, .1
00AA   3010               M         MOVLW   .16
00AB   00C4               M         MOVWF   delay1
00AC   3001               M         MOVLW   .1
00AD   00C5               M         MOVWF   delay2
00AE   3001               M         MOVLW   .1
00AF   00C6               M         MOVWF   delay3
00B0   0BC4               M         DECFSZ  delay1, F
00B1   28B0               M         GOTO    $-1
00B2   0BC5               M         DECFSZ  delay2, F
00B3   28B0               M         GOTO    $-3
00B4   0BC6               M         DECFSZ  delay3, F
00B5   28B0               M         GOTO    $-5
00B6   0008           00313         RETURN
                      00314 
00B7                  00315 Initialize_MAX7219
                      00316         ; Leave Sleep Mode
00B7   300C           00317         MOVLW   0xC             ; MAX7219 shutdown address
00B8   00BA           00318         MOVWF   SPI_tx1
00B9   3001           00319         MOVLW   0x1             ; xxxx xxx1 for normal operation (xxxx xxx0 for shutdown)
00BA   00BB           00320         MOVWF   SPI_tx2
00BB   2096           00321         CALL    SPI_2byte_Transfer
                      00322         ; Leave Sleep Mode
MPASM 5.63  /HOME/BEN/DOCUMENTS/BREADBOARDIN   12-7-2015  19:11:37         PAGE  8


LOC  OBJECT CODE     LINE SOURCE TEXT
  VALUE

00BC   300F           00323         MOVLW   0xF             ; MAX7219 display test address
00BD   00BA           00324         MOVWF   SPI_tx1
00BE   3000           00325         MOVLW   0x0             ; xxxx xxx0 for normal operation (xxxx xxx1 for test)
00BF   00BB           00326         MOVWF   SPI_tx2
00C0   2096           00327         CALL    SPI_2byte_Transfer
                      00328         ; Set scan limit to digits 0-4
00C1   300B           00329         MOVLW   0xB             ; MAX7219 scan limit address
00C2   00BA           00330         MOVWF   SPI_tx1
00C3   3004           00331         MOVLW   0x4             ; xxxx x100 for digits 0-4
00C4   00BB           00332         MOVWF   SPI_tx2
00C5   2096           00333         CALL    SPI_2byte_Transfer
                      00334         ; Set BCD Mode to No Decoding
00C6   3009           00335         MOVLW   0x9             ; MAX7219 shutdown address
00C7   00BA           00336         MOVWF   SPI_tx1
00C8   3000           00337         MOVLW   0x0             ; 0000 0000 for no decoding on any digit
00C9   00BB           00338         MOVWF   SPI_tx2
00CA   2096           00339         CALL    SPI_2byte_Transfer
                      00340         ; Set Intensity Level
00CB   300A           00341         MOVLW   0xA             ; MAX7219 intensity address
00CC   00BA           00342         MOVWF   SPI_tx1
00CD   3008           00343         MOVLW   LED_INTENSITY   ; the desired duty cycle, 0-15 are valid values
00CE   00BB           00344         MOVWF   SPI_tx2
00CF   2096           00345         CALL    SPI_2byte_Transfer
00D0   0008           00346         RETURN
                      00347 
                      00348 ;________________________Begin Main Program_________________________;
                      00349     
00D1                  00350 Initialize_IO
00D1   1683 1303      00351         BANKSEL TRISA
00D3   3017           00352         MOVLW   (0<<SS) | (1<<T_K1) | (1<<T_K2) | (1<<T_REF) | (0<<HEAT) | (1<<ALARM)
00D4   0085           00353         MOVWF   TRISA
00D5   30F3           00354         MOVLW   (1<<STOP) | (1<<LEFT) | (1<<UP) | (1<<DOWN) | (1<<RIGHT) | (1<<START)
00D6   0086           00355         MOVWF   TRISB
00D7   3010           00356         MOVLW   (0<<SCK) | (1<<SDI) | (0<<SDO)
00D8   0087           00357         MOVWF   TRISC
00D9   1683 1303      00358         BANKSEL WPUB
00DB   30F3           00359         MOVLW   (1<<LEFT) | (1<<RIGHT) | (1<<UP) | (1<<DOWN) | (1<<START) | (1<<STOP) | (0<<GRN_LED)
00DC   0095           00360         MOVWF   WPUB    ; enable weak pullups for pushbutton inputs
00DD   1683 1303      00361         BANKSEL OPTION_REG
00DF   1381           00362         BCF     OPTION_REG, NOT_RBPU    ; enable global pullups
00E0   1683 1703      00363         BANKSEL ANSEL
00E2   0188           00364         CLRF    ANSEL
00E3   1683 1703      00365         BANKSEL ANSELH
00E5   0189           00366         CLRF    ANSELH
                      00367 
00E6                  00368 Blink_Red_Once
00E6   1283 1303      00369         BANKSEL PORTB
00E8   1586           00370         BSF     PORTB, RED_LED
                      00371         Waste_Time      .256, .256, .4
00E9   3000               M         MOVLW   .256
00EA   00C4               M         MOVWF   delay1
00EB   3000               M         MOVLW   .256
00EC   00C5               M         MOVWF   delay2
MPASM 5.63  /HOME/BEN/DOCUMENTS/BREADBOARDIN   12-7-2015  19:11:37         PAGE  9


LOC  OBJECT CODE     LINE SOURCE TEXT
  VALUE

00ED   3004               M         MOVLW   .4
00EE   00C6               M         MOVWF   delay3
00EF   0BC4               M         DECFSZ  delay1, F
00F0   28EF               M         GOTO    $-1
00F1   0BC5               M         DECFSZ  delay2, F
00F2   28EF               M         GOTO    $-3
00F3   0BC6               M         DECFSZ  delay3, F
00F4   28EF               M         GOTO    $-5
00F5   1186           00372         BCF     PORTB, RED_LED
                      00373         Waste_Time      .256, .256, .4
00F6   3000               M         MOVLW   .256
00F7   00C4               M         MOVWF   delay1
00F8   3000               M         MOVLW   .256
00F9   00C5               M         MOVWF   delay2
00FA   3004               M         MOVLW   .4
00FB   00C6               M         MOVWF   delay3
00FC   0BC4               M         DECFSZ  delay1, F
00FD   28FC               M         GOTO    $-1
00FE   0BC5               M         DECFSZ  delay2, F
00FF   28FC               M         GOTO    $-3
0100   0BC6               M         DECFSZ  delay3, F
0101   28FC               M         GOTO    $-5
                      00374 
0102                  00375 Initialize_Data
0102   1283 1303      00376         BANKSEL datapoint
0104   3020           00377         MOVLW   0x20
0105   00B6           00378         MOVWF   datapoint
0106   00B7           00379         MOVWF   POSITION_RAM
0107   01B8           00380         CLRF    POSITION_EE
                      00381         CLRF_X  time, UINT16_T
  0000                    M         local   i = 0
                          M         while   i < 2
0108   01B0               M           CLRF  (time + i)
  00000001                M         i = i + 1
0109   01B1               M           CLRF  (time + i)
  00000002                M         i = i + 1
                          M         endw
010A   01B2           00382         CLRF    Temp
010B   1033           00383         BCF     booleans_reg, TT_BOOLEAN
                      00384 
010C                  00385 Initialize_Interupt_Sources
010C   1283 1303      00386         BANKSEL PORTB
010E   3001           00387         MOVLW   1 << RB0
010F   0506           00388         ANDWF   PORTB, W        ; save portB so it can be used to determine the
0110   1683 1303      00389         BANKSEL OPTION_REG      ;   default state of the RB0 interupt
0112   1301           00390         BCF     OPTION_REG, INTEDG      ; interupt on falling edge of RB0/INT pin
0113   1903           00391         BTFSC   STATUS, Z       ; unless RB0 is already fallen, then
0114   1701           00392         BSF     OPTION_REG, INTEDG      ; interupt on rising edge.
0115   108B           00393         BCF     INTCON, INTF    ; clear external RB0 interupt flag
0116   160B           00394         BSF     INTCON, INTE    ; enable external RB0 interupt
0117   118B           00395         BCF     INTCON, RBIE    ; disable port B change interupts
0118   1683 1303      00396         BANKSEL PIE1
011A   018C           00397         CLRF    PIE1            ; disable a whole bunch of interupts
MPASM 5.63  /HOME/BEN/DOCUMENTS/BREADBOARDIN   12-7-2015  19:11:37         PAGE 10


LOC  OBJECT CODE     LINE SOURCE TEXT
  VALUE

011B   1683 1303      00398         BANKSEL PIE2
011D   018D           00399         CLRF    PIE2            ; disable a whole bunch of interupts
011E   178B           00400         BSF     INTCON, GIE     ; set global interupt enable
                      00401 
011F                  00402 Initialzie_Fosc
011F   1683 1303      00403         BANKSEL OSCCON
0121   3061           00404         MOVLW   (B'110' << IRCF0) | (0<<OSTS) | (1<<SCS)
0122   008F           00405         MOVWF   OSCCON
                      00406 
0123                  00407 Initialize_SPI
0123   1283 1303      00408         BANKSEL SSPCON
0125   3001           00409         MOVLW   B'0001' ; set SSPM<3:0> for Master Mode, Fosc/4
0126   0094           00410         MOVWF   SSPCON
0127   1614           00411         BSF     SSPCON, CKP     ; set clock idle state to high level
0128   1683 1303      00412         BANKSEL SSPSTAT
012A   1794           00413         BSF     SSPSTAT, SMP    ; input data sampled at end of data output time
012B   1714           00414         BSF     SSPSTAT, CKE    ; data transmitted on rising edge of clock (rising edge for MAX7219)
012C   1283 1303      00415         BANKSEL SSPCON
012E   1694           00416         BSF     SSPCON, SSPEN   ; enable Serial Peripheral Interface
                      00417 
012F   20B7           00418         CALL    Initialize_MAX7219
0130   3002           00419         MOVLW   .2
0131   00B1           00420         MOVWF   time + 1
0132   3078           00421         MOVLW   .120
0133   00B0           00422         MOVWF   time
0134   1033           00423         BCF     booleans_reg, TT_BOOLEAN
0135   201F           00424         CALL    Update_LED_Display
                      00425         END
MPASM 5.63  /HOME/BEN/DOCUMENTS/BREADBOARDIN   12-7-2015  19:11:37         PAGE 11


SYMBOL TABLE
  LABEL                             VALUE 

ABDEN                             00000000
ABDOVF                            00000007
ACKDT                             00000005
ACKEN                             00000004
ACKSTAT                           00000006
ADCON0                            0000001F
ADCON1                            0000009F
ADCS0                             00000006
ADCS1                             00000007
ADDEN                             00000003
ADFM                              00000007
ADIE                              00000006
ADIF                              00000006
ADON                              00000000
ADRESH                            0000001E
ADRESL                            0000009E
ALARM                             RA4
ALL_OFF                           .13
ANS0                              00000000
ANS1                              00000001
ANS10                             00000002
ANS11                             00000003
ANS12                             00000004
ANS13                             00000005
ANS2                              00000002
ANS3                              00000003
ANS4                              00000004
ANS8                              00000000
ANS9                              00000001
ANSEL                             00000188
ANSELH                            00000189
BAUDCTL                           00000187
BCLIE                             00000003
BCLIF                             00000003
BF                                00000000
BRG0                              00000000
BRG1                              00000001
BRG10                             00000002
BRG11                             00000003
BRG12                             00000004
BRG13                             00000005
BRG14                             00000006
BRG15                             00000007
BRG16                             00000003
BRG2                              00000002
BRG3                              00000003
BRG4                              00000004
BRG5                              00000005
BRG6                              00000006
BRG7                              00000007
BRG8                              00000000
BRG9                              00000001
BRGH                              00000002
MPASM 5.63  /HOME/BEN/DOCUMENTS/BREADBOARDIN   12-7-2015  19:11:37         PAGE 12


SYMBOL TABLE
  LABEL                             VALUE 

Binary_to_Decimal_for_Minutes     00000043
Binary_to_Decimal_for_Seconds     0000003B
Binary_to_Decimal_for_Temp        00000052
Blink_Red_Once                    000000E6
C                                 00000000
C1CH0                             00000000
C1CH1                             00000001
C1IE                              00000005
C1IF                              00000005
C1OE                              00000005
C1ON                              00000007
C1OUT                             00000006
C1POL                             00000004
C1R                               00000002
C1RSEL                            00000005
C1SEN                             00000005
C2CH0                             00000000
C2CH1                             00000001
C2IE                              00000006
C2IF                              00000006
C2OE                              00000005
C2ON                              00000007
C2OUT                             00000006
C2POL                             00000004
C2R                               00000002
C2REN                             00000004
C2RSEL                            00000004
C2SYNC                            00000000
CCP1CON                           00000017
CCP1IE                            00000002
CCP1IF                            00000002
CCP1M0                            00000000
CCP1M1                            00000001
CCP1M2                            00000002
CCP1M3                            00000003
CCP1X                             00000005
CCP1Y                             00000004
CCP2CON                           0000001D
CCP2IE                            00000000
CCP2IF                            00000000
CCP2M0                            00000000
CCP2M1                            00000001
CCP2M2                            00000002
CCP2M3                            00000003
CCP2X                             00000005
CCP2Y                             00000004
CCPR1                             00000015
CCPR1H                            00000016
CCPR1L                            00000015
CCPR2                             0000001B
CCPR2H                            0000001C
CCPR2L                            0000001B
CELSIUS                           .12
MPASM 5.63  /HOME/BEN/DOCUMENTS/BREADBOARDIN   12-7-2015  19:11:37         PAGE 13


SYMBOL TABLE
  LABEL                             VALUE 

CHS0                              00000002
CHS1                              00000003
CHS2                              00000004
CHS3                              00000005
CKE                               00000006
CKP                               00000004
CLRF_X                            
CM1CON0                           00000107
CM2CON0                           00000108
CM2CON1                           00000109
COPY_X                            
CREN                              00000004
CSRC                              00000007
Compatibility_Function            00000088
D                                 00000005
DATA_ADDRESS                      00000005
DC                                00000001
DC1B0                             00000004
DC1B1                             00000005
DC2B0                             00000004
DC2B1                             00000005
DEGREE_SIGN                       .11
DOWN                              RB5
D_A                               00000005
D_NOT_A                           00000005
Divide_by_60_Loop                 0000002C
ECCPAS                            0000009C
ECCPAS0                           00000004
ECCPAS1                           00000005
ECCPAS2                           00000006
ECCPASE                           00000007
EEADR                             0000010D
EEADRH                            0000010F
EECON1                            0000018C
EECON2                            0000018D
EEDAT                             0000010C
EEDATA                            0000010C
EEDATH                            0000010E
EEIE                              00000004
EEIF                              00000004
EEPGD                             00000007
F                                 00000001
FERR                              00000002
FSR                               00000004
FVREN                             00000000
GCEN                              00000007
GIE                               00000007
GO                                00000001
GO_DONE                           00000001
GO_NOT_DONE                       00000001
GRN_LED                           RB3
HEAT                              RA3
HTS                               00000002
MPASM 5.63  /HOME/BEN/DOCUMENTS/BREADBOARDIN   12-7-2015  19:11:37         PAGE 14


SYMBOL TABLE
  LABEL                             VALUE 

I2C_DATA                          00000005
I2C_READ                          00000002
I2C_START                         00000003
I2C_STOP                          00000004
INDF                              00000000
INTCON                            0000000B
INTE                              00000004
INTEDG                            00000006
INTF                              00000001
IOCB                              00000096
IOCB0                             00000000
IOCB1                             00000001
IOCB2                             00000002
IOCB3                             00000003
IOCB4                             00000004
IOCB5                             00000005
IOCB6                             00000006
IOCB7                             00000007
IRCF0                             00000004
IRCF1                             00000005
IRCF2                             00000006
IRP                               00000007
Initialize_Data                   00000102
Initialize_IO                     000000D1
Initialize_Interupt_Sources       0000010C
Initialize_MAX7219                000000B7
Initialize_SPI                    00000123
Initialzie_Fosc                   0000011F
Interupt_Vector                   00000001
LED_INTENSITY                     .8
LED_Lookup_Table                  00000010
LEFT                              RB4
LTS                               00000001
LastTime                          00000039
MAX_ARRAY_SIZE                    .8
MC1OUT                            00000007
MC2OUT                            00000006
MSK                               00000093
MSK0                              00000000
MSK1                              00000001
MSK2                              00000002
MSK3                              00000003
MSK4                              00000004
MSK5                              00000005
MSK6                              00000006
MSK7                              00000007
NOT_A                             00000005
NOT_ADDRESS                       00000005
NOT_BO                            00000000
NOT_BOR                           00000000
NOT_DONE                          00000001
NOT_PD                            00000003
NOT_POR                           00000001
MPASM 5.63  /HOME/BEN/DOCUMENTS/BREADBOARDIN   12-7-2015  19:11:37         PAGE 15


SYMBOL TABLE
  LABEL                             VALUE 

NOT_RBPU                          00000007
NOT_RC8                           00000006
NOT_T1SYNC                        00000002
NOT_TO                            00000004
NOT_TX8                           00000006
NOT_W                             00000002
NOT_WRITE                         00000002
OERR                              00000001
OPTION_REG                        00000081
OSCCON                            0000008F
OSCTUNE                           00000090
OSFIE                             00000007
OSFIF                             00000007
OSTS                              00000003
P                                 00000004
P1M0                              00000006
P1M1                              00000007
PCL                               00000002
PCLATH                            0000000A
PCON                              0000008E
PDC0                              00000000
PDC1                              00000001
PDC2                              00000002
PDC3                              00000003
PDC4                              00000004
PDC5                              00000005
PDC6                              00000006
PEIE                              00000006
PEN                               00000002
PIE1                              0000008C
PIE2                              0000008D
PIR1                              0000000C
PIR2                              0000000D
PORTA                             00000005
PORTB                             00000006
PORTC                             00000007
PORTE                             00000009
POSITION_EE                       00000038
POSITION_RAM                      00000037
PR2                               00000092
PRSEN                             00000007
PS0                               00000000
PS1                               00000001
PS2                               00000002
PSA                               00000003
PSSAC0                            00000002
PSSAC1                            00000003
PSSBD0                            00000000
PSSBD1                            00000001
PSTRCON                           0000009D
PULSR                             00000002
PULSS                             00000003
PWM1CON                           0000009B
MPASM 5.63  /HOME/BEN/DOCUMENTS/BREADBOARDIN   12-7-2015  19:11:37         PAGE 16


SYMBOL TABLE
  LABEL                             VALUE 

Prepare_to_Display_Temp           00000065
Prepare_to_Display_Time           0000004B
R                                 00000002
RA0                               00000000
RA1                               00000001
RA2                               00000002
RA3                               00000003
RA4                               00000004
RA5                               00000005
RA6                               00000006
RA7                               00000007
RB0                               00000000
RB1                               00000001
RB2                               00000002
RB3                               00000003
RB4                               00000004
RB5                               00000005
RB6                               00000006
RB7                               00000007
RBIE                              00000003
RBIF                              00000000
RC0                               00000000
RC1                               00000001
RC2                               00000002
RC3                               00000003
RC4                               00000004
RC5                               00000005
RC6                               00000006
RC7                               00000007
RC8_9                             00000006
RC9                               00000006
RCD8                              00000000
RCEN                              00000003
RCIDL                             00000006
RCIE                              00000005
RCIF                              00000005
RCREG                             0000001A
RCSTA                             00000018
RD                                00000000
RE3                               00000003
READ_WRITE                        00000002
RED_LED                           RB3
RIGHT                             RB7
RP0                               00000005
RP1                               00000006
RSEN                              00000001
RX9                               00000006
RX9D                              00000000
R_NOT_W                           00000002
R_W                               00000002
Remainder_Restoration             00000063
Reset_Vector                      00000000
S                                 00000003
MPASM 5.63  /HOME/BEN/DOCUMENTS/BREADBOARDIN   12-7-2015  19:11:37         PAGE 17


SYMBOL TABLE
  LABEL                             VALUE 

SBOREN                            00000004
SCK                               RC3
SCKP                              00000004
SCS                               00000000
SDI                               RC4
SDO                               RC5
SEMICOLON                         .10
SEN                               00000000
SENDB                             00000003
SMP                               00000007
SPBRG                             00000099
SPBRGH                            0000009A
SPEN                              00000007
SPI_2byte_Transfer                00000096
SPI_tx1                           0000003A
SPI_tx2                           0000003B
SR0                               00000006
SR1                               00000007
SRCON                             00000185
SREN                              00000005
SS                                RA5
SSPADD                            00000093
SSPBUF                            00000013
SSPCON                            00000014
SSPCON2                           00000091
SSPEN                             00000005
SSPIE                             00000003
SSPIF                             00000003
SSPM0                             00000000
SSPM1                             00000001
SSPM2                             00000002
SSPM3                             00000003
SSPMSK                            00000093
SSPOV                             00000006
SSPSTAT                           00000094
START                             RB6
START_BOOLEAN                     1
STATUS                            00000003
STOP                              RB0
STRA                              00000000
STRB                              00000001
STRC                              00000002
STRD                              00000003
STRSYNC                           00000004
SUBWF_X                           
SWDTEN                            00000000
SYNC                              00000004
Seconds_to_Minutes_for_Time       00000027
Subtract_Division_Loop            00000056
T0                                00000021
T0CS                              00000005
T0IE                              00000005
T0IF                              00000002
MPASM 5.63  /HOME/BEN/DOCUMENTS/BREADBOARDIN   12-7-2015  19:11:37         PAGE 18


SYMBOL TABLE
  LABEL                             VALUE 

T0SE                              00000004
T1                                00000023
T1CKPS0                           00000004
T1CKPS1                           00000005
T1CON                             00000010
T1GINV                            00000007
T1GIV                             00000007
T1GSS                             00000001
T1INSYNC                          00000002
T1OSCEN                           00000003
T1SYNC                            00000002
T2                                00000025
T2CKPS0                           00000000
T2CKPS1                           00000001
T2CON                             00000012
T3                                00000027
T4                                00000029
T5                                0000002B
T6                                0000002D
T7                                0000002F
TEMP_ARRAY                        0x190
TIME_ARRAY                        0x110
TIME_COUNTER_SET_VALUE            .255
TMR0                              00000001
TMR0IE                            00000005
TMR0IF                            00000002
TMR0_PERIOD                       .125
TMR1                              0000000E
TMR1CS                            00000001
TMR1GE                            00000006
TMR1H                             0000000F
TMR1IE                            00000000
TMR1IF                            00000000
TMR1L                             0000000E
TMR1ON                            00000000
TMR2                              00000011
TMR2IE                            00000001
TMR2IF                            00000001
TMR2ON                            00000002
TOUTPS0                           00000003
TOUTPS1                           00000004
TOUTPS2                           00000005
TOUTPS3                           00000006
TRISA                             00000085
TRISA0                            00000000
TRISA1                            00000001
TRISA2                            00000002
TRISA3                            00000003
TRISA4                            00000004
TRISA5                            00000005
TRISA6                            00000006
TRISA7                            00000007
TRISB                             00000086
MPASM 5.63  /HOME/BEN/DOCUMENTS/BREADBOARDIN   12-7-2015  19:11:37         PAGE 19


SYMBOL TABLE
  LABEL                             VALUE 

TRISB0                            00000000
TRISB1                            00000001
TRISB2                            00000002
TRISB3                            00000003
TRISB4                            00000004
TRISB5                            00000005
TRISB6                            00000006
TRISB7                            00000007
TRISC                             00000087
TRISC0                            00000000
TRISC1                            00000001
TRISC2                            00000002
TRISC3                            00000003
TRISC4                            00000004
TRISC5                            00000005
TRISC6                            00000006
TRISC7                            00000007
TRISE                             00000089
TRISE3                            00000003
TRMT                              00000001
TT_BOOLEAN                        0
TUN0                              00000000
TUN1                              00000001
TUN2                              00000002
TUN3                              00000003
TUN4                              00000004
TX8_9                             00000006
TX9                               00000006
TX9D                              00000000
TXD8                              00000000
TXEN                              00000005
TXIE                              00000004
TXIF                              00000004
TXREG                             00000019
TXSTA                             00000098
T_K1                              RA1
T_K2                              RA2
T_REF                             RA0
Temp                              00000032
UA                                00000001
UINT16_T                          2
ULPWUE                            00000005
ULPWUIE                           00000002
ULPWUIF                           00000002
UP                                RB1
Update_5_Digits                   00000069
Update_LED_Display                0000001F
VCFG0                             00000004
VCFG1                             00000005
VR0                               00000000
VR1                               00000001
VR2                               00000002
VR3                               00000003
MPASM 5.63  /HOME/BEN/DOCUMENTS/BREADBOARDIN   12-7-2015  19:11:37         PAGE 20


SYMBOL TABLE
  LABEL                             VALUE 

VRCON                             00000097
VREN                              00000007
VROE                              00000006
VRR                               00000005
VRSS                              00000004
W                                 00000000
WCOL                              00000007
WDTCON                            00000105
WDTPS0                            00000001
WDTPS1                            00000002
WDTPS2                            00000003
WDTPS3                            00000004
WPUB                              00000095
WPUB0                             00000000
WPUB1                             00000001
WPUB2                             00000002
WPUB3                             00000003
WPUB4                             00000004
WPUB5                             00000005
WPUB6                             00000006
WPUB7                             00000007
WR                                00000001
WREN                              00000002
WRERR                             00000003
WUE                               00000001
Waste_Time                        
Z                                 00000002
_BOR21V                           00003EFF
_BOR40V                           00003FFF
_BOR4V_BOR21V                     00003EFF
_BOR4V_BOR40V                     00003FFF
_BOREN_NSLEEP                     00003EFF
_BOREN_OFF                        00003CFF
_BOREN_ON                         00003FFF
_BOREN_SBODEN                     00003DFF
_BOR_NSLEEP                       00003EFF
_BOR_OFF                          00003CFF
_BOR_ON                           00003FFF
_BOR_SBODEN                       00003DFF
_CONFIG1                          00002007
_CONFIG2                          00002008
_CPD_OFF                          00003FFF
_CPD_ON                           00003F7F
_CP_OFF                           00003FFF
_CP_ON                            00003FBF
_DEBUG_OFF                        00003FFF
_DEBUG_ON                         00001FFF
_DEVID1                           00002006
_EC_OSC                           00003FFB
_EXTRC                            00003FFF
_EXTRCIO                          00003FFE
_EXTRC_OSC_CLKOUT                 00003FFF
_EXTRC_OSC_NOCLKOUT               00003FFE
MPASM 5.63  /HOME/BEN/DOCUMENTS/BREADBOARDIN   12-7-2015  19:11:37         PAGE 21


SYMBOL TABLE
  LABEL                             VALUE 

_FCMEN_OFF                        000037FF
_FCMEN_ON                         00003FFF
_FOSC_EC                          00003FFB
_FOSC_EXTRC_CLKOUT                00003FFF
_FOSC_EXTRC_NOCLKOUT              00003FFE
_FOSC_HS                          00003FFA
_FOSC_INTRC_CLKOUT                00003FFD
_FOSC_INTRC_NOCLKOUT              00003FFC
_FOSC_LP                          00003FF8
_FOSC_XT                          00003FF9
_HS_OSC                           00003FFA
_IDLOC0                           00002000
_IDLOC1                           00002001
_IDLOC2                           00002002
_IDLOC3                           00002003
_IESO_OFF                         00003BFF
_IESO_ON                          00003FFF
_INTOSC                           00003FFD
_INTOSCIO                         00003FFC
_INTRC_OSC_CLKOUT                 00003FFD
_INTRC_OSC_NOCLKOUT               00003FFC
_LP_OSC                           00003FF8
_LVP_OFF                          00002FFF
_LVP_ON                           00003FFF
_MCLRE_OFF                        00003FDF
_MCLRE_ON                         00003FFF
_PWRTE_OFF                        00003FFF
_PWRTE_ON                         00003FEF
_WDTE_OFF                         00003FF7
_WDTE_ON                          00003FFF
_WDT_OFF                          00003FF7
_WDT_ON                           00003FFF
_WRT_1FOURTH                      00003BFF
_WRT_256                          00003DFF
_WRT_HALF                         000039FF
_WRT_OFF                          00003FFF
_XT_OSC                           00003FF9
__16F883                          00000001
booleans_reg                      00000033
datapoint                         00000036
delay1                            00000044
delay2                            00000045
delay3                            00000046
dig1                              0000003F
dig2                              00000040
dig3                              00000041
dig4                              00000042
digSpecial                        00000043
minutes                           0000003E
seconds                           0000003C
t0                                00000020
t1                                00000022
t2                                00000024
MPASM 5.63  /HOME/BEN/DOCUMENTS/BREADBOARDIN   12-7-2015  19:11:37         PAGE 22


SYMBOL TABLE
  LABEL                             VALUE 

t3                                00000026
t4                                00000028
t5                                0000002A
t6                                0000002C
t7                                0000002E
temp                              00000047
time                              00000030
time_counter_H                    00000035
time_counter_L                    00000034


MEMORY USAGE MAP ('X' = Used,  '-' = Unused)

0000 : X---XXXXXXXXX--- XXXXXXXXXXXXXXXX XXXXXXXXXXXXXXXX XXXXXXXXXXXXXXXX
0040 : XXXXXXXXXXXXXXXX XXXXXXXXXXXXXXXX XXXXXXXXXXXXXXXX XXXXXXXXXXXXXXXX
0080 : XXXXXXXXXXXXXXXX XXXXXXXXXXXXXXXX XXXXXXXXXXXXXXXX XXXXXXXXXXXXXXXX
00C0 : XXXXXXXXXXXXXXXX XXXXXXXXXXXXXXXX XXXXXXXXXXXXXXXX XXXXXXXXXXXXXXXX
0100 : XXXXXXXXXXXXXXXX XXXXXXXXXXXXXXXX XXXXXXXXXXXXXXXX XXXXXX----------
2000 : -------XX------- ---------------- ---------------- ----------------

All other memory blocks unused.

Program Memory Words Used:   304
Program Memory Words Free:  3792


Errors   :     0
Warnings :     0 reported,    10 suppressed
Messages :     0 reported,    16 suppressed

