MPASM 5.63  /HOME/BEN/DOCUMENTS/BREADBOARDIN   12-17-2015  4:39:12         PAGE  1


LOC  OBJECT CODE     LINE SOURCE TEXT
  VALUE

                      00001 #include <p16f883.inc>
                      00001         LIST
                      00002 
                      00003 ;==========================================================================
                      00004 ; Build date : Aug 13 2015
                      00005 ;  MPASM PIC16F883 processor include
                      00006 ; 
                      00007 ;  (c) Copyright 1999-2015 Microchip Technology, All rights reserved
                      00008 ;==========================================================================
                      00009 
                      00781         LIST
2007   20C4           00002         __CONFIG        _CONFIG1, _LVP_OFF & _FCMEN_OFF & _IESO_OFF & _BOR_OFF & _CPD_OFF & _CP_OFF & _M
                            CLRE_OFF & _PWRTE_ON & _WDT_OFF & _INTRC_OSC_NOCLKOUT
2008   3EFF           00003         __CONFIG        _CONFIG2, _WRT_OFF & _BOR21V
                      00004 
                      00005 #define SS      RA5
                      00006 #define SCK     RC3
                      00007 #define SDI     RC4
                      00008 #define SDO     RC5
                      00009 #define LEFT    RB4
                      00010 #define UP      RB1
                      00011 #define DOWN    RB5
                      00012 #define RIGHT   RB7
                      00013 #define START   RB6
                      00014 #define STOP    RB0
                      00015 #define GRN_LED RB3
                      00016 #define RED_LED RB3
                      00017 #define ALARM   RA4
                      00018 #define HEAT    RA3
                      00019 #define T_REF   RA0
                      00020 #define A_REF   0       ; The analog input channel corresponding to pin T_REF
                      00021 #define T_K     RA1
                      00022 #define A_K     1       ; The analog input channel corresponding to pin T_K
                      00023 #define V_REF_MINUS     RA2     ; the negative reference voltage for Kn-
                      00024 #define A_REF_MINUS     2       ; the analog input channel corresponding to Vref-
                      00025 #define MOTOR_ON        RC0
                      00026 #define WINDING1        RC2
                      00027 #define WINDING2        RC1
                      00028 
                      00029 #define MAX_ARRAY_SIZE  .8      ; 96 bytes are available in banks 2 and 3
                      00030 #define TIME_ARRAY      0x110
                      00031 #define TEMP_ARRAY      0x190
                      00032 
                      00033 #define UINT16_T        2
                      00034 
                      00035 #define TT_BOOLEAN      0
                      00036 #define START_BOOLEAN   1
                      00037 
                      00038 #define FOSK_SELECT             B'111'  ; 111 for Fosc = 8 MHz
                      00039 #define ADC_CLOCK_SELECT        B'10'   ; 10 for Fosc/32
                      00040 #define TIMER0_PRESCALAR        B'110'  ; 110 for 1:128, or Fosc/(4 * 128)
                      00041 
                      00042 #define TMR0_PERIOD     .125    ; 125 selected for 2kHz piezo
MPASM 5.63  /HOME/BEN/DOCUMENTS/BREADBOARDIN   12-17-2015  4:39:12         PAGE  2


LOC  OBJECT CODE     LINE SOURCE TEXT
  VALUE

                      00043 #define TIME_COUNTER_SET_VALUE  .25
                      00044 #define LED_INTENSITY   .8      ; Light Intensity from 0-15
                      00045 
                      00046 ; Digits 0-9 have lookup indices 0-9, but :, deg, and C
                      00047 #define SEMICOLON       .10     
                      00048 #define DEGREE_SIGN     .11
                      00049 #define CELSIUS .12
                      00050 #define ALL_OFF .13
                      00051 
                      00052         cblock  0x20
  00000020            00053                 t0
  00000021            00054                 T0
  00000022            00055                 t1
  00000023            00056                 T1
  00000024            00057                 t2
  00000025            00058                 T2
  00000026            00059                 t3
  00000027            00060                 T3
  00000028            00061                 t4
  00000029            00062                 T4
  0000002A            00063                 t5
  0000002B            00064                 T5
  0000002C            00065                 t6
  0000002D            00066                 T6
  0000002E            00067                 t7
  0000002F            00068                 T7
  00000030            00069                 data_index
  00000031            00070                 time: UINT16_T
  00000033            00071                 Temp
  00000034            00072                 booleans_reg
  00000035            00073                 time_counter_L
  00000036            00074                 time_counter_H
  00000037            00075                 datapoint
  00000038            00076                 POSITION_RAM
  00000039            00077                 POSITION_EE
  0000003A            00078                 LastTime
  0000003B            00079                 SPI_tx1 ; first byte to be transfered out by SPI
  0000003C            00080                 SPI_tx2 ; second byte to be transfered out by SPI
                      00081                 ; LED Display Function Variables
  0000003D            00082                 seconds: UINT16_T
  0000003F            00083                 minutes
  00000040            00084                 dig1
  00000041            00085                 dig2
  00000042            00086                 dig3
  00000043            00087                 dig4
  00000044            00088                 digSpecial
  00000045            00089                 delay1
  00000046            00090                 delay2
  00000047            00091                 delay3
  00000048            00092                 temp
                      00093         endc
                      00094 
0000                  00095         ORG     0x0
MPASM 5.63  /HOME/BEN/DOCUMENTS/BREADBOARDIN   12-17-2015  4:39:12         PAGE  3


LOC  OBJECT CODE     LINE SOURCE TEXT
  VALUE

0000                  00096 Reset_Vector
0000   28E1           00097         GOTO    Initialize_IO
                      00098 
0001                  00099 Interupt_Vector
0004                  00100         ORG     0x4
0004   1283 1303      00101         BANKSEL 0
0006   0185           00102         CLRF    PORTA   ; shut down all potential output signals
0007   0186           00103         CLRF    PORTB   ; (i.e. shut down the relay)
0008   0187           00104         CLRF    PORTC
0009   10B4           00105         BCF     booleans_reg, START_BOOLEAN
000A   1B06           00106         BTFSC   PORTB, START
000B   14B4           00107         BSF     booleans_reg, START_BOOLEAN
000C   28E1           00108         GOTO    Initialize_IO   ; reinitialize program state/memory
                      00109 
                      00110 ;________________________Function Definitions_______________________;
                      00111 
                      00112 ; W LED_lookup_table (W); // warning: undefined behavior if W > 13
0010                  00113         ORG     0x10
0010                  00114 LED_Lookup_Table
                      00115         ; MUST MAKE SURE THE TABLE WILL NOT CROSS A 256 BYTE BOUNDARY!
0010   0782           00116         ADDWF   PCL, F
0011   347E           00117         RETLW   B'01111110'     ; 0
0012   3430           00118         RETLW   B'00110000'     ; 1
0013   346D           00119         RETLW   B'01101101'     ; 2
0014   3479           00120         RETLW   B'01111001'     ; 3
0015   3433           00121         RETLW   B'00110011'     ; 4
0016   345B           00122         RETLW   B'01011011'     ; 5
0017   345F           00123         RETLW   B'01011111'     ; 6
0018   3470           00124         RETLW   B'01110000'     ; 7
0019   347F           00125         RETLW   B'01111111'     ; 8
001A   3473           00126         RETLW   B'01110011'     ; 9
001B   3460           00127         RETLW   B'01100000'     ; semicolon for clock
001C   3410           00128         RETLW   B'00010000'     ; degree sign for temperature
001D   344E           00129         RETLW   B'01001110'     ; C for celsius
001E   3400           00130         RETLW   B'00000000'     ; All off
                      00131 
                      00132 ; void CLRF_X (uintX_t *addr);
                      00133 CLRF_X  MACRO   Addr, Addr_Size
                      00134         local   i = 0
                      00135         while   i < Addr_Size
                      00136           CLRF  (Addr + i)
                      00137         i = i + 1
                      00138         endw
                      00139         ENDM
                      00140 
                      00141 ; void COPY_X (uintX_t *source, uintX_t *destination);
                      00142 COPY_X  MACRO   src, dest, size
                      00143         local   i = 0
                      00144         while   i < size
                      00145           MOVF  (src + i), W
                      00146           MOVWF (dest + i)
                      00147           i = i + 1
                      00148         endw
MPASM 5.63  /HOME/BEN/DOCUMENTS/BREADBOARDIN   12-17-2015  4:39:12         PAGE  4


LOC  OBJECT CODE     LINE SOURCE TEXT
  VALUE

                      00149         ENDM
                      00150 
                      00151 ; void SUBWF_X (uintX_t *addr, uint8_t W);
                      00152 SUBWF_X MACRO   Addr, Addr_Size
                      00153         ; Declare a unique "break" label for each instantiation of SUBWF_X
                      00154         ; and a local variable for expanding Addr_Size times
                      00155         local   Break, i
                      00156         variable        i = 0
                      00157         while   i < Addr_Size
                      00158           SUBWF (Addr + i), F
                      00159           BTFSC STATUS, C
                      00160           GOTO  Break
                      00161           MOVLW 1
                      00162           i = i + 1     
                      00163         endw
                      00164 Break
                      00165         ENDM
                      00166 
                      00167 ; void Update_LED_Display (uint16_t time, uint8_t Temp, uint8_t *tT_boolean);
001F                  00168 Update_LED_Display
001F   01C0           00169         CLRF    dig1
0020   01C1           00170         CLRF    dig2
0021   01C2           00171         CLRF    dig3
0022   01C3           00172         CLRF    dig4    
0023   1283 1303      00173         BANKSEL booleans_reg
0025   1834           00174         BTFSC   booleans_reg, TT_BOOLEAN
0026   2852           00175         GOTO    Binary_to_Decimal_for_Temp
0027                  00176 Seconds_to_Minutes_for_Time
0027   01BF           00177         CLRF    minutes
                      00178         COPY_X  time, seconds, UINT16_T
  0000                    M         local   i = 0
                          M         while   i < 2
0028   0831               M           MOVF  (time + i), W
0029   00BD               M           MOVWF (seconds + i)
  00000001                M           i = i + 1
002A   0832               M           MOVF  (time + i), W
002B   00BE               M           MOVWF (seconds + i)
  00000002                M           i = i + 1
                          M         endw
002C                  00179 Divide_by_60_Loop
002C   303C           00180         MOVLW   .60
                      00181         SUBWF_X seconds, UINT16_T
                          M         ; Declare a unique "break" label for each instantiation of SUBWF_X
                          M         ; and a local variable for expanding Addr_Size times
  0000                    M         local   Break, i
  0000                    M         variable        i = 0
                          M         while   i < 2
002D   02BD               M           SUBWF (seconds + i), F
002E   1803               M           BTFSC STATUS, C
002F   2835               M           GOTO  Break
0030   3001               M           MOVLW 1
  00000001                M           i = i + 1     
0031   02BE               M           SUBWF (seconds + i), F
MPASM 5.63  /HOME/BEN/DOCUMENTS/BREADBOARDIN   12-17-2015  4:39:12         PAGE  5


LOC  OBJECT CODE     LINE SOURCE TEXT
  VALUE

0032   1803               M           BTFSC STATUS, C
0033   2835               M           GOTO  Break
0034   3001               M           MOVLW 1
  00000002                M           i = i + 1     
                          M         endw
0035                      M Break
0035   1803           00182         BTFSC   STATUS, C
0036   0ABF           00183         INCF    minutes, F
0037   1803           00184         BTFSC   STATUS, C
0038   282C           00185         GOTO    Divide_by_60_Loop
0039   303C           00186         MOVLW   .60
003A   07BD           00187         ADDWF   seconds, F
003B                  00188 Binary_to_Decimal_for_Seconds
003B   300A           00189         MOVLW   .10
003C   02BD           00190         SUBWF   seconds, F
003D   1803           00191         BTFSC   STATUS, C
003E   0AC1           00192         INCF    dig2, F
003F   1803           00193         BTFSC   STATUS, C
0040   283B           00194         GOTO    Binary_to_Decimal_for_Seconds
0041   300A           00195         MOVLW   .10
0042   07BD           00196         ADDWF   seconds, F
0043                  00197 Binary_to_Decimal_for_Minutes
0043   300A           00198         MOVLW   .10
0044   02BF           00199         SUBWF   minutes, F
0045   1803           00200         BTFSC   STATUS, C
0046   0AC3           00201         INCF    dig4, F
0047   1803           00202         BTFSC   STATUS, C
0048   2843           00203         GOTO    Binary_to_Decimal_for_Minutes
0049   300A           00204         MOVLW   .10
004A   07BF           00205         ADDWF   minutes, F
004B                  00206 Prepare_to_Display_Time
004B   083D           00207         MOVF    seconds, W
004C   00C0           00208         MOVWF   dig1
004D   083F           00209         MOVF    minutes, W
004E   00C2           00210         MOVWF   dig3
004F   300A           00211         MOVLW   SEMICOLON
0050   00C4           00212         MOVWF   digSpecial
0051   2869           00213         GOTO    Update_5_Digits
0052                  00214 Binary_to_Decimal_for_Temp
0052   0833           00215         MOVF    Temp, W
0053   00C1           00216         MOVWF   dig2
0054   3002           00217         MOVLW   .2
0055   00C2           00218         MOVWF   dig3    ; add 20, because Temp=0 represents T=20deg
0056                  00219 Subtract_Division_Loop
0056   300A           00220         MOVLW   .10             
0057   02C1           00221         SUBWF   dig2, F ; subtract 10 from dividend
0058   1C03           00222         BTFSS   STATUS, C       ; did an underflow occur?
0059   2863           00223         GOTO    Remainder_Restoration   ; if so, then division loop is complete
005A   0AC2           00224         INCF    dig3, F ; increment 10s digit
005B   1DC2           00225         BTFSS   dig3, 3 ; test if 10s has carry over (test 8 digit)
005C   2856           00226         GOTO    Subtract_Division_Loop
005D   1CC2           00227         BTFSS   dig3, 1 ; (test 2 digit; 8+2 = 10)
005E   2856           00228         GOTO    Subtract_Division_Loop
MPASM 5.63  /HOME/BEN/DOCUMENTS/BREADBOARDIN   12-17-2015  4:39:12         PAGE  6


LOC  OBJECT CODE     LINE SOURCE TEXT
  VALUE

005F   300A           00229         MOVLW   .10
0060   02C2           00230         SUBWF   dig3, F ; subtract 10 from the 10s digit
0061   0AC3           00231         INCF    dig4, F ; increment the 100s digit from 10s carry over
0062   2856           00232         GOTO    Subtract_Division_Loop
0063                  00233 Remainder_Restoration
0063   300A           00234         MOVLW   .10
0064   07C1           00235         ADDWF   dig2, F
0065                  00236 Prepare_to_Display_Temp
0065   300B           00237         MOVLW   DEGREE_SIGN
0066   00C4           00238         MOVWF   digSpecial
0067   300C           00239         MOVLW   CELSIUS
0068   00C0           00240         MOVWF   dig1
0069                  00241 Update_5_Digits
0069   3005           00242         MOVLW   0x5     ; MAX7219 digit 0 address for degree sign
006A   00BB           00243         MOVWF   SPI_tx1
006B   0844           00244         MOVF    digSpecial, W
006C   2010           00245         CALL    LED_Lookup_Table        ; lookup A-DP code for semicolon
006D   00BC           00246         MOVWF   SPI_tx2
006E   2096           00247         CALL    SPI_2byte_Transfer
006F   3001           00248         MOVLW   0x1     ; MAX7219 digit 1 address for leftmost display digit
0070   00BB           00249         MOVWF   SPI_tx1
0071   0843           00250         MOVF    dig4, W
0072   2010           00251         CALL    LED_Lookup_Table        ; lookup appropriate A-DP code
0073   00BC           00252         MOVWF   SPI_tx2
0074   2096           00253         CALL    SPI_2byte_Transfer
0075   3002           00254         MOVLW   0x2     ; MAX7219 digit 2 address for 2nd to left digit
0076   00BB           00255         MOVWF   SPI_tx1
0077   0842           00256         MOVF    dig3, W
0078   2010           00257         CALL    LED_Lookup_Table        ; lookup appropriate A-DP code
0079   00BC           00258         MOVWF   SPI_tx2
007A   2096           00259         CALL    SPI_2byte_Transfer      ; send data through SPI
007B   3003           00260         MOVLW   0x3     ; MAX7219 digit 3 address for 3rd to left digit
007C   00BB           00261         MOVWF   SPI_tx1
007D   0841           00262         MOVF    dig2, W
007E   2010           00263         CALL    LED_Lookup_Table        ; lookup appropriate A-DP code
007F   00BC           00264         MOVWF   SPI_tx2
0080   2096           00265         CALL    SPI_2byte_Transfer      ; send data through SPI
0081   3004           00266         MOVLW   0x4     ; MAX7219 digit 4 address for rightmost display digit
0082   00BB           00267         MOVWF   SPI_tx1
0083   0840           00268         MOVF    dig1, W
0084   2010           00269         CALL    LED_Lookup_Table        ; lookup appropriate A-DP code
0085   00BC           00270         MOVWF   SPI_tx2
0086   2096           00271         CALL    SPI_2byte_Transfer      ; send data through SPI
                      00272 
0087   0008           00273         RETURN
                      00274 
                      00275 ; Loads time and temperature datapoints into time_L and Temp variables
0088                  00276 Compatibility_Function
0088   1283 1303      00277         BANKSEL datapoint
008A   0837           00278         MOVF    datapoint, W    ; get address of value to be displayed
008B   0084           00279         MOVWF   FSR             ; get value
008C   0800           00280         MOVF    INDF, W         ; store value in W      
008D   00C8           00281         MOVWF   temp
MPASM 5.63  /HOME/BEN/DOCUMENTS/BREADBOARDIN   12-17-2015  4:39:12         PAGE  7


LOC  OBJECT CODE     LINE SOURCE TEXT
  VALUE

008E   1C37           00282         BTFSS   datapoint, 0    ; test if datapoint is a time or Temp
008F   00B1           00283         MOVWF   time            ; if time, store in time_L
0090   1837           00284         BTFSC   datapoint, 0
0091   00B3           00285         MOVWF   Temp            ; if Temp, store in Temp
0092   1034           00286         BCF     booleans_reg, TT_BOOLEAN
0093   1837           00287         BTFSC   datapoint, 0
0094   1434           00288         BSF     booleans_reg, TT_BOOLEAN
0095   0008           00289         RETURN
                      00290  
                      00291 Waste_Time      MACRO   s1, s2, s3
                      00292         MOVLW   s1
                      00293         MOVWF   delay1
                      00294         MOVLW   s2
                      00295         MOVWF   delay2
                      00296         MOVLW   s3
                      00297         MOVWF   delay3
                      00298         DECFSZ  delay1, F
                      00299         GOTO    $-1
                      00300         DECFSZ  delay2, F
                      00301         GOTO    $-3
                      00302         DECFSZ  delay3, F
                      00303         GOTO    $-5
                      00304         ENDM
                      00305 
                      00306 ; void spi_2byte_transfer (SPI_tx1, SPI_tx2);
0096                  00307 SPI_2byte_Transfer
0096   1283 1303      00308         BANKSEL 0x0
0098   1285           00309         BCF     PORTA, SS       ; pull MAX7219 slave select active low
0099   083B           00310         MOVF    SPI_tx1, W      ; get the first byte to transmit
009A   0093           00311         MOVWF   SSPBUF          ; start transmission
009B   1683 1303      00312         BANKSEL SSPSTAT
009D   1C14           00313         BTFSS   SSPSTAT, BF     ; has data been received (transmit complete?)
009E   289D           00314         GOTO    $-1
009F   1283 1303      00315         BANKSEL 0x0             ; location of SPI_tx1, 2, and SSPBUF
00A1   083C           00316         MOVF    SPI_tx2, W
00A2   0093           00317         MOVWF   SSPBUF          ; start transmission
00A3   1683 1303      00318         BANKSEL SSPSTAT
00A5   1C14           00319         BTFSS   SSPSTAT, BF     ; wait for transmission completion
00A6   28A5           00320         GOTO    $-1
00A7   1283 1303      00321         BANKSEL 0x0             ; return to bank 0...
00A9   1685           00322         BSF     PORTA, SS       ; rising edge on MAX7219 LOAD/SS line
                      00323         Waste_Time      .16, .1, .1
00AA   3010               M         MOVLW   .16
00AB   00C5               M         MOVWF   delay1
00AC   3001               M         MOVLW   .1
00AD   00C6               M         MOVWF   delay2
00AE   3001               M         MOVLW   .1
00AF   00C7               M         MOVWF   delay3
00B0   0BC5               M         DECFSZ  delay1, F
00B1   28B0               M         GOTO    $-1
00B2   0BC6               M         DECFSZ  delay2, F
00B3   28B0               M         GOTO    $-3
00B4   0BC7               M         DECFSZ  delay3, F
MPASM 5.63  /HOME/BEN/DOCUMENTS/BREADBOARDIN   12-17-2015  4:39:12         PAGE  8


LOC  OBJECT CODE     LINE SOURCE TEXT
  VALUE

00B5   28B0               M         GOTO    $-5
00B6   0008           00324         RETURN
                      00325 
00B7                  00326 Initialize_MAX7219
                      00327         ; Leave Sleep Mode
00B7   300C           00328         MOVLW   0xC             ; MAX7219 shutdown address
00B8   00BB           00329         MOVWF   SPI_tx1
00B9   3001           00330         MOVLW   0x1             ; xxxx xxx1 for normal operation (xxxx xxx0 for shutdown)
00BA   00BC           00331         MOVWF   SPI_tx2
00BB   2096           00332         CALL    SPI_2byte_Transfer
                      00333         ; Leave Sleep Mode
00BC   300F           00334         MOVLW   0xF             ; MAX7219 display test address
00BD   00BB           00335         MOVWF   SPI_tx1
00BE   3000           00336         MOVLW   0x0             ; xxxx xxx0 for normal operation (xxxx xxx1 for test)
00BF   00BC           00337         MOVWF   SPI_tx2
00C0   2096           00338         CALL    SPI_2byte_Transfer
                      00339         ; Set scan limit to digits 0-4
00C1   300B           00340         MOVLW   0xB             ; MAX7219 scan limit address
00C2   00BB           00341         MOVWF   SPI_tx1
00C3   3004           00342         MOVLW   0x4             ; xxxx x100 for digits 0-4
00C4   00BC           00343         MOVWF   SPI_tx2
00C5   2096           00344         CALL    SPI_2byte_Transfer
                      00345         ; Set BCD Mode to No Decoding
00C6   3009           00346         MOVLW   0x9             ; MAX7219 shutdown address
00C7   00BB           00347         MOVWF   SPI_tx1
00C8   3000           00348         MOVLW   0x0             ; 0000 0000 for no decoding on any digit
00C9   00BC           00349         MOVWF   SPI_tx2
00CA   2096           00350         CALL    SPI_2byte_Transfer
                      00351         ; Set Intensity Level
00CB   300A           00352         MOVLW   0xA             ; MAX7219 intensity address
00CC   00BB           00353         MOVWF   SPI_tx1
00CD   3008           00354         MOVLW   LED_INTENSITY   ; the desired duty cycle, 0-15 are valid values
00CE   00BC           00355         MOVWF   SPI_tx2
00CF   2096           00356         CALL    SPI_2byte_Transfer
00D0   0008           00357         RETURN
                      00358 
                      00359 ; void Time_Counting_Loop (uint8_t *time_counter_L, uint8_t *time_counter_H);
00D1                  00360 Time_Counting_Loop
00D1   1D0B           00361         BTFSS   INTCON, T0IF    ; Test for Timer Overflow (note INTCON is in all banks)
00D2   28D1           00362         GOTO    $-1
00D3   110B           00363         BCF     INTCON, T0IF
00D4   1283 1303      00364         BANKSEL TMR0
00D6   3082           00365         MOVLW   (.255 - TMR0_PERIOD)    ; Reset TMR0
00D7   0081           00366         MOVWF   TMR0
00D8   1283 1303      00367         BANKSEL 0               ; Toggle Alarm (note bank 0 for digital I/O and time_counter)
00DA   3010           00368         MOVLW   (1 << ALARM)
00DB   0685           00369         XORWF   PORTA, F
00DC   0BB5           00370         DECFSZ  time_counter_L  ; Decrement (time_counter--) and test for zero
00DD   28D1           00371         GOTO    Time_Counting_Loop
00DE   0BB6           00372         DECFSZ  time_counter_H
00DF   28D1           00373         GOTO    Time_Counting_Loop
00E0   0008           00374         RETURN
                      00375 
MPASM 5.63  /HOME/BEN/DOCUMENTS/BREADBOARDIN   12-17-2015  4:39:12         PAGE  9


LOC  OBJECT CODE     LINE SOURCE TEXT
  VALUE

                      00376 ;________________________Begin Main Program_________________________;
                      00377 
00E1                  00378 Initialize_IO
00E1   1683 1303      00379         BANKSEL TRISA
00E3   301F           00380         MOVLW   (0<<SS) | (1<<T_REF)| (1<<T_K) | (1<<V_REF_MINUS) | (1<<HEAT) | (1<<ALARM)
00E4   0085           00381         MOVWF   TRISA
00E5   30F3           00382         MOVLW   (1<<STOP) | (1<<LEFT) | (1<<UP) | (1<<DOWN) | (1<<RIGHT) | (1<<START) | (0<<GRN_LED) | (
                            0<<RED_LED)
00E6   0086           00383         MOVWF   TRISB
00E7   3010           00384         MOVLW   (0<<SCK) | (1<<SDI) | (0<<SDO) | (0<<MOTOR_ON) | (0<<WINDING1) | (0<<WINDING2)
00E8   0087           00385         MOVWF   TRISC
00E9   1683 1303      00386         BANKSEL WPUB
00EB   30F3           00387         MOVLW   (1<<LEFT) | (1<<RIGHT) | (1<<UP) | (1<<DOWN) | (1<<START) | (1<<STOP)
00EC   0095           00388         MOVWF   WPUB    ; enable weak pullups for pushbutton inputs
00ED   1683 1303      00389         BANKSEL OPTION_REG
00EF   1381           00390         BCF     OPTION_REG, NOT_RBPU    ; enable global pullups
00F0   1683 1703      00391         BANKSEL ANSEL
00F2   3007           00392         MOVLW   (1<<A_REF) | (1<<A_K) | (1<<A_REF_MINUS)
00F3   0088           00393         MOVWF   ANSEL
00F4   1683 1703      00394         BANKSEL ANSELH
00F6   0189           00395         CLRF    ANSELH
                      00396 
00F7                  00397 Blink_Red_Once
00F7   1283 1303      00398         BANKSEL PORTB
00F9   1586           00399         BSF     PORTB, RED_LED
                      00400         Waste_Time      .256, .256, .4
00FA   3000               M         MOVLW   .256
00FB   00C5               M         MOVWF   delay1
00FC   3000               M         MOVLW   .256
00FD   00C6               M         MOVWF   delay2
00FE   3004               M         MOVLW   .4
00FF   00C7               M         MOVWF   delay3
0100   0BC5               M         DECFSZ  delay1, F
0101   2900               M         GOTO    $-1
0102   0BC6               M         DECFSZ  delay2, F
0103   2900               M         GOTO    $-3
0104   0BC7               M         DECFSZ  delay3, F
0105   2900               M         GOTO    $-5
0106   1186           00401         BCF     PORTB, RED_LED
                      00402         Waste_Time      .256, .256, .4
0107   3000               M         MOVLW   .256
0108   00C5               M         MOVWF   delay1
0109   3000               M         MOVLW   .256
010A   00C6               M         MOVWF   delay2
010B   3004               M         MOVLW   .4
010C   00C7               M         MOVWF   delay3
010D   0BC5               M         DECFSZ  delay1, F
010E   290D               M         GOTO    $-1
010F   0BC6               M         DECFSZ  delay2, F
0110   290D               M         GOTO    $-3
0111   0BC7               M         DECFSZ  delay3, F
0112   290D               M         GOTO    $-5
                      00403  
MPASM 5.63  /HOME/BEN/DOCUMENTS/BREADBOARDIN   12-17-2015  4:39:12         PAGE 10


LOC  OBJECT CODE     LINE SOURCE TEXT
  VALUE

0113                  00404 Initialize_System_Clock
0113   1683 1303      00405         BANKSEL OSCCON
0115   3071           00406         MOVLW   (FOSK_SELECT << IRCF0) | (0 << OSTS) | (1 << SCS)
                      00407         ; select the internal 8 MHz oscillator and set its prescalar
0116   008F           00408         MOVWF   OSCCON
                      00409         ; A start-up timer is built into the hardware so no delay is needed
                      00410 
0117                  00411 Initialize_ADC
0117   1683 1303      00412         BANKSEL ADCON1
0119   139F           00413         BCF     ADCON1, ADFM    ; Left justify the result (upper 8 bits of result will be stored in ADRE
                            SH)
011A   169F           00414         BSF     ADCON1, VCFG1   ; Set Vref- to Vss
011B   121F           00415         BCF     ADCON1, VCFG0   ; Set Vref+ to Vdd
011C   1283 1303      00416         BANKSEL ADCON0
011E   3080           00417         MOVLW   (ADC_CLOCK_SELECT << ADCS0) & ((1 << ADCS0) | (1 << ADCS1))
011F   139F           00418         BCF     ADCON0, ADCS1   ; Select Fosc/8 for ADC clock period because that is recommended for Fos
                            c=4MHz
0120   171F           00419         BSF     ADCON0, ADCS0   ; the code for this is 01 from datasheet page 108
                      00420 
0121                  00421 Initialize_Data
0121   1283 1303      00422         BANKSEL datapoint
0123   3020           00423         MOVLW   0x20
0124   00B7           00424         MOVWF   datapoint
0125   00B8           00425         MOVWF   POSITION_RAM
0126   01B9           00426         CLRF    POSITION_EE
                      00427         CLRF_X  time, UINT16_T
  0000                    M         local   i = 0
                          M         while   i < 2
0127   01B1               M           CLRF  (time + i)
  00000001                M         i = i + 1
0128   01B2               M           CLRF  (time + i)
  00000002                M         i = i + 1
                          M         endw
0129   01B3           00428         CLRF    Temp
012A   1034           00429         BCF     booleans_reg, TT_BOOLEAN
                      00430 
012B                  00431 Initialize_Interupt_Sources
012B   1283 1303      00432         BANKSEL PORTB
012D   3001           00433         MOVLW   1 << RB0
012E   0506           00434         ANDWF   PORTB, W        ; save portB so it can be used to determine the
012F   1683 1303      00435         BANKSEL OPTION_REG      ;   default state of the RB0 interupt
0131   1301           00436         BCF     OPTION_REG, INTEDG      ; interupt on falling edge of RB0/INT pin
0132   1903           00437         BTFSC   STATUS, Z       ; unless RB0 is already fallen, then
0133   1701           00438         BSF     OPTION_REG, INTEDG      ; interupt on rising edge.
0134   108B           00439         BCF     INTCON, INTF    ; clear external RB0 interupt flag
0135   160B           00440         BSF     INTCON, INTE    ; enable external RB0 interupt
0136   118B           00441         BCF     INTCON, RBIE    ; disable port B change interupts
0137   1683 1303      00442         BANKSEL PIE1
0139   018C           00443         CLRF    PIE1            ; disable a whole bunch of interupts
013A   1683 1303      00444         BANKSEL PIE2
013C   018D           00445         CLRF    PIE2            ; disable a whole bunch of interupts
013D   178B           00446         BSF     INTCON, GIE     ; set global interupt enable
                      00447 
MPASM 5.63  /HOME/BEN/DOCUMENTS/BREADBOARDIN   12-17-2015  4:39:12         PAGE 11


LOC  OBJECT CODE     LINE SOURCE TEXT
  VALUE

013E                  00448 Initialize_Timer1_CCP1_and_CCP2 ; for motor
013E   1283 1303      00449         BANKSEL T1CON
0140   0190           00450         CLRF    T1CON   ; sets T1CKPS<1:0> to '00' for prescalar 1:1
                      00451                         ; and sets TMR1CS to '0' for Fosc/4
0141   1410           00452         BSF     T1CON, TMR1ON   ; enable timer 1
                      00453         
0142   1283 1303      00454         BANKSEL CCPR1L
0144   0195           00455         CLRF    CCPR1L
0145   307F           00456         MOVLW   .127
0146   0096           00457         MOVWF   CCPR1H
0147   1283 1303      00458         BANKSEL CCPR2L
0149   019B           00459         CLRF    CCPR2L
014A   30FF           00460         MOVLW   .255
014B   009C           00461         MOVWF   CCPR2H
                      00462 
014C   1283 1303      00463         BANKSEL CCP1CON
014E   3002           00464         MOVLW   B'0010' ; enable CCP and set mode to Compare/toggle on match
014F   0097           00465         MOVWF   CCP1CON
0150   1283 1303      00466         BANKSEL CCP2CON
0152   009D           00467         MOVWF   CCP2CON
                      00468 
                      00469 
0153                  00470 Initialize_SPI
0153   1283 1303      00471         BANKSEL SSPCON
0155   3001           00472         MOVLW   B'0001' ; set SSPM<3:0> for Master Mode, Fosc/4
0156   0094           00473         MOVWF   SSPCON
0157   1614           00474         BSF     SSPCON, CKP     ; set clock idle state to high level
0158   1683 1303      00475         BANKSEL SSPSTAT
015A   1794           00476         BSF     SSPSTAT, SMP    ; input data sampled at end of data output time
015B   1714           00477         BSF     SSPSTAT, CKE    ; data transmitted on rising edge of clock (rising edge for MAX7219)
015C   1283 1303      00478         BANKSEL SSPCON
015E   1694           00479         BSF     SSPCON, SSPEN   ; enable Serial Peripheral Interface
                      00480 
015F                  00481 EE_READ:
015F   1283 1303      00482         BANKSEL POSITION_RAM    
0161   0838           00483     MOVF        POSITION_RAM,w
0162   0084           00484     MOVWF       FSR
0163   0839           00485     MOVF        POSITION_EE,w       ;EEPROM ADDRESS
0164   1283 1703      00486     BANKSEL     EEADR               ;TO READ
0166   008D           00487     MOVWF       EEADR
0167   1683 1703      00488     BANKSEL     EECON1
0169   138C           00489     BCF         EECON1,EEPGD        ;POINT TO DATA MEMORY, NOT PROGRAM MEMORY
016A   140C           00490     BSF         EECON1,RD           ;EE READ, NOT WRITE
016B   1283 1703      00491     BANKSEL     EEDAT
016D   080C           00492     MOVF        EEDAT,w             ;MOVE DATA AT DESIGNATED EE ADDR TO W
016E   0080           00493     MOVWF       INDF                ;MOVE W TO VARIABLE IN RAM
016F   1283 1303      00494     BANKSEL     POSITION_RAM
0171   0AB8           00495     INCF        POSITION_RAM,F
0172   0AB9           00496     INCF        POSITION_EE,F
0173   1E39           00497     BTFSS       POSITION_EE,4       ;REPEAT 15 TIMES, FOR 15 VAR
0174   295F           00498     GOTO        EE_READ
                      00499 
0175                  00500 Input_Loop_Timeout_Routine
MPASM 5.63  /HOME/BEN/DOCUMENTS/BREADBOARDIN   12-17-2015  4:39:12         PAGE 12


LOC  OBJECT CODE     LINE SOURCE TEXT
  VALUE

0175   2088           00501         CALL    Compatibility_Function
0176   20B7           00502         CALL    Initialize_MAX7219
0177   201F           00503         CALL    Update_LED_Display
                      00504 
0178                  00505 Reinitialize_Timer0_for_Input_Loop_Timeout
0178   1683 1303      00506         BANKSEL OPTION_REG
017A   3006           00507         MOVLW   (0 << T0CS) | (0 << PSA) | (TIMER0_PRESCALAR << PS0)
                      00508         ; select the instruction clock (Fosc/4), assign the prescalar
                      00509         ; to Timer0, and set the prescalar value
017B   0081           00510         MOVWF   OPTION_REG
017C   1283 1303      00511         BANKSEL TMR0
017E   0181           00512         CLRF    TMR0
017F   128B           00513         BCF     INTCON, T0IE    ; disable the Timer0 interupt
0180   110B           00514         BCF     INTCON, T0IF    ; clear the Timer0 overflow flag
                      00515 
0181                  00516 Input_Loop
                      00517 
0181   1283 1703      00518         BANKSEL TIME_ARRAY
0183   0190           00519         CLRF    TIME_ARRAY + 0
0184   1683 1703      00520         BANKSEL TEMP_ARRAY
0186   0190           00521         CLRF    TEMP_ARRAY + 0
0187   0198           00522         CLRF    TEMP_ARRAY + MAX_ARRAY_SIZE
                      00523 
0188   190B           00524         BTFSC   INTCON, T0IF
0189   2975           00525         GOTO    Input_Loop_Timeout_Routine
                      00526 
018A   1283 1303      00527         BANKSEL PORTA
018C   1886           00528         BTFSC   PORTB, UP                   ;UP PB
018D   299C           00529         GOTO    UpCheck
                      00530     
018E   1A86           00531         BTFSC   PORTB, DOWN                 ;DOWN PB
018F   29BC           00532         GOTO    DownCheck
                      00533     
0190   1A06           00534         BTFSC   PORTB, LEFT                 ;LEFT PB
0191   29EC           00535         GOTO    LeftCheck
                      00536 
0192   1B86           00537         BTFSC   PORTB, RIGHT                ;RIGHT PB
0193   2A00           00538         GOTO    RightCheck
                      00539     
0194   18B4           00540         BTFSC   booleans_reg, START_BOOLEAN
0195   2999           00541         GOTO    Start_Active_Low
0196                  00542 Start_Active_High
0196   1B06           00543         BTFSC   PORTB, START
0197   2A14           00544         GOTO    Start
0198   2981           00545         GOTO    Input_Loop
0199                  00546 Start_Active_Low
0199   1F06           00547         BTFSS   PORTB, START                ;START PB
019A   2A14           00548         GOTO    Start
019B   2981           00549         GOTO    Input_Loop
                      00550    
019C                  00551 UpCheck:
                      00552                                     ;ARE YOU TRYING TO ADJUST 
                      00553                                 ;1ST, 2ND, & 16TH DATAPOINTS?
MPASM 5.63  /HOME/BEN/DOCUMENTS/BREADBOARDIN   12-17-2015  4:39:12         PAGE 13


LOC  OBJECT CODE     LINE SOURCE TEXT
  VALUE

019C   1103           00554     BCF         STATUS,Z            ;IF SO, STOP IT.
019D   3020           00555     MOVLW       0X20                 
019E   0237           00556     SUBWF       datapoint,w
019F   1903           00557     BTFSC       STATUS,Z
01A0   2981           00558     GOTO        Input_Loop
01A1   1103           00559     BCF         STATUS,Z
01A2   3021           00560     MOVLW       0X21
01A3   0237           00561     SUBWF       datapoint,w
01A4   1903           00562     BTFSC       STATUS,Z
01A5   2981           00563     GOTO        Input_Loop
01A6   1103           00564     BCF         STATUS,Z
01A7   302F           00565     MOVLW       0X2F
01A8   0237           00566     SUBWF       datapoint,w
01A9   1903           00567     BTFSC       STATUS,Z
01AA   2981           00568     GOTO        Input_Loop
                      00569     
                      00570             ;YOU FOLLOWED THE RULES. GOOD WORK.
                      00571 
                      00572 ;    BTFSC      datapoint,0         ;ARE YOU ON A TIME INPUT?
                      00573 ;    GOTO       ImplementUp                 
                      00574 ;
                      00575 ;TimeCheckA:   
                      00576 ;    BCF                STATUS,C
                      00577 ;    BCF                STATUS,Z
                      00578 ;    MOVLW      0XFF
                      00579 ;    MOVWF      temp
                      00580 ;    MOVF       datapoint,w         ;MOVE ADDR OF CURRENT DATAPOINT INTO IND ADDR 
                      00581 ;    MOVWF      FSR
                      00582 ;    MOVF       INDF,w
                      00583 ;    SUBWF      temp,w
                      00584 ;    BTFSS      STATUS,Z
                      00585 ;    GOTO       ImplementUp
                      00586 ;
                      00587 ;    MOVLW      .2                     
                      00588 ;    SUBWF      datapoint,w         ;W HAS ADDR OF LAST TIME ENTRY
                      00589 ;    MOVWF      FSR                 ;MOVE ADDR OF LAST TIME ENTRY INTO IND ADDR
                      00590 ;    MOVF       INDF,w              ;LastTime HAS VALUE OF LAST TIME ENTRY
                      00591 ;    MOVWF      LastTime
                      00592 ;    MOVF       datapoint,w
                      00593 ;    MOVWF      FSR
                      00594 ;    MOVF       LastTime,w
                      00595 ;    MOVWF      INDF
                      00596 ;    CALL       Write_Datapoint_to_LEDs
                      00597 ;    GOTO       Input
                      00598 ;       
                      00599 ;ImplementUp:       
01AB   0837           00600     MOVF        datapoint,w         ;MOVE ADDR OF CURRENT DATAPOINT INTO IND ADDR 
01AC   0084           00601     MOVWF       FSR
01AD   0A80           00602     INCF        INDF,F              ;INCREMENT VALUE AT CURRENT DATAPOINT ADDR
01AE   201F           00603         CALL    Update_LED_Display
                      00604         Waste_Time      .255, .255, .1
01AF   30FF               M         MOVLW   .255
01B0   00C5               M         MOVWF   delay1
MPASM 5.63  /HOME/BEN/DOCUMENTS/BREADBOARDIN   12-17-2015  4:39:12         PAGE 14


LOC  OBJECT CODE     LINE SOURCE TEXT
  VALUE

01B1   30FF               M         MOVLW   .255
01B2   00C6               M         MOVWF   delay2
01B3   3001               M         MOVLW   .1
01B4   00C7               M         MOVWF   delay3
01B5   0BC5               M         DECFSZ  delay1, F
01B6   29B5               M         GOTO    $-1
01B7   0BC6               M         DECFSZ  delay2, F
01B8   29B5               M         GOTO    $-3
01B9   0BC7               M         DECFSZ  delay3, F
01BA   29B5               M         GOTO    $-5
01BB   2981           00605     GOTO        Input_Loop
                      00606     
01BC                  00607 DownCheck:                          ;ARE YOU TRYING TO ADJUST 
                      00608                                     ;1ST, 2ND, & 16TH DATAPOINTS?
01BC   1103           00609     BCF         STATUS,Z            ;IF SO, STOP IT.
01BD   3020           00610     MOVLW       0X20                 
01BE   0237           00611     SUBWF       datapoint,w
01BF   1903           00612     BTFSC       STATUS,Z
01C0   2981           00613     GOTO        Input_Loop
01C1   1103           00614     BCF         STATUS,Z
01C2   3021           00615     MOVLW       0X21
01C3   0237           00616     SUBWF       datapoint,w
01C4   1903           00617     BTFSC       STATUS,Z
01C5   2981           00618     GOTO        Input_Loop
01C6   1103           00619     BCF         STATUS,Z
01C7   302F           00620     MOVLW       0X2F
01C8   0237           00621     SUBWF       datapoint,w
01C9   1903           00622     BTFSC       STATUS,Z
01CA   2981           00623     GOTO        Input_Loop
                      00624     
                      00625             ;YOU FOLLOWED THE RULES. GOOD WORK.
                      00626     
01CB   1837           00627     BTFSC       datapoint,0         ;ARE YOU ON A TIME INPUT?
01CC   29DB           00628     GOTO        ImplementDown       ;IF NOT, HURRY UP AND GET IMPLEMENTED
                      00629         
01CD                  00630 TimeCheck:    
01CD   1003           00631     BCF         STATUS,C
01CE   1103           00632     BCF         STATUS,Z
01CF   3002           00633     MOVLW       .2                     
01D0   0237           00634     SUBWF       datapoint,w         ;W HAS ADDR OF LAST TIME ENTRY
01D1   0084           00635     MOVWF       FSR                 ;MOVE ADDR OF LAST TIME ENTRY INTO IND ADDR
01D2   0800           00636     MOVF        INDF,w              ;LastTime HAS VALUE OF LAST TIME ENTRY
01D3   00BA           00637     MOVWF       LastTime
01D4   0837           00638     MOVF        datapoint,w         ;MOVE ADDR OF CURRENT TIME ENTRY INTO IND ADDR
01D5   0084           00639     MOVWF       FSR
01D6   0800           00640     MOVF        INDF,w              ;W HAS VALUE OF CURRENT TIME ENTRY
01D7   023A           00641     SUBWF       LastTime,w          ;COMPARE TIMES
01D8   1C03           00642     BTFSS       STATUS,C            ;IF CURRENT TIME < LAST TIME
01D9   1903           00643     BTFSC       STATUS,Z            ;OR IF CURRENT TIME = LAST TIME 
01DA   2981           00644     GOTO        Input_Loop          ;DON'T ADJUST TIME
                      00645     
01DB                  00646 ImplementDown:
01DB   0837           00647     MOVF        datapoint,w         ;MOVE ADDR OF CURRENT DATAPOINT INTO IND ADDR 
MPASM 5.63  /HOME/BEN/DOCUMENTS/BREADBOARDIN   12-17-2015  4:39:12         PAGE 15


LOC  OBJECT CODE     LINE SOURCE TEXT
  VALUE

01DC   0084           00648     MOVWF       FSR
01DD   0380           00649     DECF        INDF,F              ;DECREMENT VALUE AT CURRENT DATAPOINT ADDR
01DE   201F           00650         CALL    Update_LED_Display
                      00651         Waste_Time      .255, .255, .1
01DF   30FF               M         MOVLW   .255
01E0   00C5               M         MOVWF   delay1
01E1   30FF               M         MOVLW   .255
01E2   00C6               M         MOVWF   delay2
01E3   3001               M         MOVLW   .1
01E4   00C7               M         MOVWF   delay3
01E5   0BC5               M         DECFSZ  delay1, F
01E6   29E5               M         GOTO    $-1
01E7   0BC6               M         DECFSZ  delay2, F
01E8   29E5               M         GOTO    $-3
01E9   0BC7               M         DECFSZ  delay3, F
01EA   29E5               M         GOTO    $-5
01EB   2981           00652         GOTO    Input_Loop
                      00653     
01EC                  00654 LeftCheck:                          ;ARE YOU TRYING TO MOVE
                      00655                                     ;BEFORE THE 1ST DATAPOINT?
01EC   1103           00656     BCF         STATUS,Z            ;WHAT ARE YOU? A TIME-TRAVELLER?
01ED   3020           00657     MOVLW       0X20                
01EE   0237           00658     SUBWF       datapoint,w         
01EF   1903           00659     BTFSC       STATUS,Z
01F0   2981           00660     GOTO        Input_Loop          ;YOU CAN'T SAVE THE DINOSAURS. STOP IT.
                      00661     
                      00662             ;YOU FOLLOWED THE RULES. GOOD WORK.
                      00663             
01F1   03B7           00664     DECF        datapoint,F
01F2   201F           00665         CALL    Update_LED_Display
                      00666         Waste_Time      .255, .255, .2
01F3   30FF               M         MOVLW   .255
01F4   00C5               M         MOVWF   delay1
01F5   30FF               M         MOVLW   .255
01F6   00C6               M         MOVWF   delay2
01F7   3002               M         MOVLW   .2
01F8   00C7               M         MOVWF   delay3
01F9   0BC5               M         DECFSZ  delay1, F
01FA   29F9               M         GOTO    $-1
01FB   0BC6               M         DECFSZ  delay2, F
01FC   29F9               M         GOTO    $-3
01FD   0BC7               M         DECFSZ  delay3, F
01FE   29F9               M         GOTO    $-5
01FF   2981           00667         GOTO    Input_Loop
                      00668     
0200                  00669 RightCheck:                         ;ARE YOU TRYING TO MOVE
                      00670                                     ;PAST THE 16TH DATAPOINT?
0200   1103           00671     BCF         STATUS,Z            ;ANOTHER TIME-TRAVELLER, HUH?
0201   302F           00672     MOVLW       0X2F                
0202   0237           00673     SUBWF       datapoint,w         
0203   1903           00674     BTFSC       STATUS,Z
0204   2981           00675     GOTO        Input_Loop          ;GET OUTTA HERE, MARTY MCFLY. STOP IT.
                      00676     
MPASM 5.63  /HOME/BEN/DOCUMENTS/BREADBOARDIN   12-17-2015  4:39:12         PAGE 16


LOC  OBJECT CODE     LINE SOURCE TEXT
  VALUE

                      00677             ;YOU FOLLOWED THE RULES. GOOD WORK.
                      00678             
0205   0AB7           00679         INCF    datapoint,F
0206   201F           00680         CALL    Update_LED_Display
                      00681         Waste_Time      .255, .255, .2
0207   30FF               M         MOVLW   .255
0208   00C5               M         MOVWF   delay1
0209   30FF               M         MOVLW   .255
020A   00C6               M         MOVWF   delay2
020B   3002               M         MOVLW   .2
020C   00C7               M         MOVWF   delay3
020D   0BC5               M         DECFSZ  delay1, F
020E   2A0D               M         GOTO    $-1
020F   0BC6               M         DECFSZ  delay2, F
0210   2A0D               M         GOTO    $-3
0211   0BC7               M         DECFSZ  delay3, F
0212   2A0D               M         GOTO    $-5
0213   2981           00682         GOTO    Input_Loop
                      00683     
0214                  00684 Start
                      00685 
0214                  00686 Reinitialize_Timer0
0214   1683 1303      00687         BANKSEL OPTION_REG
0216   1281           00688         BCF     OPTION_REG, T0CS; select instruction clock Fosc/4
0217   1181           00689         BCF     OPTION_REG, PSA ; assign prescalar to Timer 0
0218   1101           00690         BCF     OPTION_REG, PS2 ; Set PS<2:0> to 000, corresponding
0219   1081           00691         BCF     OPTION_REG, PS1 ; to a prescalar of 2
021A   1001           00692         BCF     OPTION_REG, PS0
021B   1283 1303      00693         BANKSEL INTCON
021D   128B           00694         BCF     INTCON, T0IE    ; disable the Timer0 interupt
                      00695 
021E                  00696 Check_Door_Contact_Switch
021E   1283 1303      00697         BANKSEL PORTA
0220   1D85           00698         BTFSS   PORTA, HEAT     ; if door is shut, HEAT pin will be pulled low
0221   2A4E           00699         GOTO    Door_Closed
0222                  00700 Door_Open       ; Beap three times then return to input loop
0222   1683 1303      00701         BANKSEL TRISA
0224   1205           00702         BCF     TRISA, ALARM
0225   1283 1303      00703         BANKSEL time_counter_H
0227   3003           00704         MOVLW   .3
0228   00B6           00705         MOVWF   time_counter_H
0229   20D1           00706         CALL    Time_Counting_Loop
022A   1683 1303      00707         BANKSEL TRISA
022C   1605           00708         BSF     TRISA, ALARM
022D   1283 1303      00709         BANKSEL time_counter_H
022F   3003           00710         MOVLW   .3
0230   00B6           00711         MOVWF   time_counter_H
0231   20D1           00712         CALL    Time_Counting_Loop
0232   1683 1303      00713         BANKSEL TRISA
0234   1205           00714         BCF     TRISA, ALARM
0235   1283 1303      00715         BANKSEL time_counter_H
0237   3003           00716         MOVLW   .3
0238   00B6           00717         MOVWF   time_counter_H
MPASM 5.63  /HOME/BEN/DOCUMENTS/BREADBOARDIN   12-17-2015  4:39:12         PAGE 17


LOC  OBJECT CODE     LINE SOURCE TEXT
  VALUE

0239   20D1           00718         CALL    Time_Counting_Loop
023A   1683 1303      00719         BANKSEL TRISA
023C   1605           00720         BSF     TRISA, ALARM
023D   1283 1303      00721         BANKSEL time_counter_H
023F   3003           00722         MOVLW   .3
0240   00B6           00723         MOVWF   time_counter_H
0241   20D1           00724         CALL    Time_Counting_Loop
0242   1683 1303      00725         BANKSEL TRISA
0244   1205           00726         BCF     TRISA, ALARM
0245   1283 1303      00727         BANKSEL time_counter_H
0247   3003           00728         MOVLW   .3
0248   00B6           00729         MOVWF   time_counter_H
0249   20D1           00730         CALL    Time_Counting_Loop
024A   1683 1303      00731         BANKSEL TRISA
024C   1605           00732         BSF     TRISA, ALARM
                      00733 
024D   2801           00734         GOTO    Interupt_Vector
024E                  00735 Door_Closed
                      00736 
                      00737 
                      00738 
                      00739 
                      00740 ;WRITE ALL POINTS TO EEPROM
024E   3020           00741     MOVLW       0X20
024F   1283 1303      00742     BANKSEL     POSITION_RAM
0251   00B8           00743     MOVWF       POSITION_RAM
0252   01B9           00744     CLRF        POSITION_EE
0253                  00745 EE_WRITE: 
0253   0838           00746     MOVF        POSITION_RAM,w
0254   0084           00747     MOVWF       FSR
0255   0839           00748     MOVF        POSITION_EE,w    
                      00749     
0256   1283 1703      00750     BANKSEL     EEADR
0258   008D           00751     MOVWF       EEADR               ;EEPROM ADDRESS
0259   0800           00752     MOVF        INDF,w              ;TO READ
025A   008C           00753     MOVWF       EEDAT
025B   1683 1703      00754     BANKSEL     EECON1
025D   138C           00755     BCF         EECON1,EEPGD        ;POINT TO DATA MEMORY, NOT PROGRAM MEMORY
025E   150C           00756     BSF         EECON1,WREN         ;ENABLE WRITE
025F   138B           00757     BCF         INTCON,GIE          ;DISABLE INT
0260   1B8B           00758     BTFSC       INTCON,GIE          ;SEE AN576
0261   2A5F           00759     GOTO        $-2
0262   3055           00760     MOVLW       0X55                ;!!!!!!REQUIRED SEQUENCE!!!!!!
0263   008D           00761     MOVWF       EECON2              ;NO IDEA WHAT IS HAPPENING
0264   30AA           00762     MOVLW       0XAA                ;EECON2 ISN'T EVEN REAL
0265   008D           00763     MOVWF       EECON2              ;THIS IS BS 
0266   148C           00764     BSF         EECON1,WR           ;SET WR BIT TO BEGIN WRITE
0267   178B           00765     BSF         INTCON,GIE          ;ENABLE INT
0268   1283 1303      00766     BANKSEL     delay1
026A   01C5           00767     CLRF        delay1
026B   01C6           00768     CLRF        delay2
026C                  00769 DELAY:                              ;WAIT FOR WRITING TO FINISH
026C   0BC5           00770     DECFSZ      delay1
MPASM 5.63  /HOME/BEN/DOCUMENTS/BREADBOARDIN   12-17-2015  4:39:12         PAGE 18


LOC  OBJECT CODE     LINE SOURCE TEXT
  VALUE

026D   2A6C           00771     GOTO        DELAY
026E   0BC6           00772     DECFSZ      delay2
026F   2A6C           00773     GOTO        DELAY
0270   1683 1703      00774     BANKSEL     EECON1
0272   110C           00775     BCF         EECON1,WREN         ;DISABLE WRITES
                      00776     
0273   1283 1303      00777     BANKSEL     POSITION_EE
0275   0AB8           00778     INCF        POSITION_RAM,F
0276   0AB9           00779     INCF        POSITION_EE,F
0277   1E39           00780     BTFSS       POSITION_EE,4       ;REPEAT 15 TIMES, FOR 15 VAR
0278   2A53           00781     GOTO        EE_WRITE        
                      00782 
0279                  00783 Turn_on_Fan
0279   1283 1303      00784         BANKSEL PORTC
027B   1407           00785         BSF     PORTC, MOTOR_ON
                      00786 
027C                  00787 Initialize_Runtime_and_Data_Index
027C   1283 1303      00788         BANKSEL time
                      00789         CLRF_X  time, UINT16_T
  0000                    M         local   i = 0
                          M         while   i < 2
027E   01B1               M           CLRF  (time + i)
  00000001                M         i = i + 1
027F   01B2               M           CLRF  (time + i)
  00000002                M         i = i + 1
                          M         endw
0280   01B0           00790         CLRF    data_index
                      00791 
0281                  00792 Control_Loop
                      00793         
                      00794         ; Reset Timer 0
0281   1283 1303      00795         BANKSEL TMR0
0283   3083           00796         MOVLW   (.256 - TMR0_PERIOD)    ; (because TMR0 increments until it overflows)
0284   0081           00797         MOVWF   TMR0                    ; Start timing
0285   110B           00798         BCF     INTCON, T0IF            ; and Clear the Timer Interupt Flag
                      00799 
                      00800         ; Reset the Variables for Timer Overflow Counting
0286   1283 1303      00801         BANKSEL time_counter_L          
0288   01B5           00802         CLRF    time_counter_L
0289   3019           00803         MOVLW   TIME_COUNTER_SET_VALUE
028A   00B6           00804         MOVWF   time_counter_H  
                      00805 
                      00806         ; Measure the Thermocouple Analog Input
028B   1283 1303      00807         BANKSEL ADCON0
028D   151F           00808         BSF     ADCON0, CHS0    ; select analog channel 1 (CHS<3:0> = 0001)
028E   119F           00809         BCF     ADCON0, CHS1
028F   121F           00810         BCF     ADCON0, CHS2
0290   129F           00811         BCF     ADCON0, CHS3    
0291   141F           00812         BSF     ADCON0, ADON    ; enable ADC
0292   0000           00813         NOP                     ; wait 5us aquisition time, based on small Rout
0293   0000           00814         NOP                     ; of op-amp and Tacq equation on page 111 of datasheet
0294   0000           00815         NOP
0295   0000           00816         NOP
MPASM 5.63  /HOME/BEN/DOCUMENTS/BREADBOARDIN   12-17-2015  4:39:12         PAGE 19


LOC  OBJECT CODE     LINE SOURCE TEXT
  VALUE

0296   0000           00817         NOP
0297   149F           00818         BSF     ADCON0, GO      ; start ADC conversion
0298   189F           00819         BTFSC   ADCON0, GO      ; is conversion done?
0299   2A98           00820         GOTO    $-1             ; Estimated completion time is (Fosc/8) * 11
029A   1283 1303      00821         BANKSEL ADRESH
029C   081E           00822         MOVF    ADRESH, W       ; save result to Temp register. No additional math is
029D   1283 1303      00823         BANKSEL Temp            ; necessary because the op-amp gain was selected
029F   00B3           00824         MOVWF   Temp            ; to match the full range of the ADC to 255 degrees delta T
                      00825 
                      00826         ; Wait for Timer0 to Maintain Accurate Timing
02A0   1D0B           00827         BTFSS   INTCON, T0IF    ; Test for Timer Overflow (note INTCON is in all banks)
02A1   2AA0           00828         GOTO    $-1
02A2   110B           00829         BCF     INTCON, T0IF
02A3   1283 1303      00830         BANKSEL TMR0
02A5   3082           00831         MOVLW   (.255 - TMR0_PERIOD)    ; Reset TMR0
                      00832 
                      00833         ; Measure the Temperature Reference Analog Input
                      00834 
                      00835         ; Calculate Absolute Temperature
                      00836 
                      00837         ; Wait for Timer 0 to Maintain Accurate Timing
                      00838 
                      00839         ; Update LED Display 
02A6   1283 1303      00840         BANKSEL time
02A8   1034           00841         BCF     booleans_reg, TT_BOOLEAN        ; (assume it is time for time to be displayed)
02A9   1831           00842         BTFSC   time, 0         ; test if time or temperature should be displayed
02AA   1434           00843         BSF     booleans_reg, TT_BOOLEAN        ; (alternate every second)
02AB   201F           00844         CALL    Update_LED_Display
                      00845 
                      00846         ; Wait for Timer 0 to Maintain Accurate Timing
                      00847 
02AC   20D1           00848         CALL    Time_Counting_Loop
                      00849 
02AD                  00850 Increment_Time_and_Continue_to_Next_Iteration
02AD   1283 1303      00851         BANKSEL time
02AF   0AB1           00852         INCF    (time)
02B0   1903           00853         BTFSC   STATUS, Z
02B1   0AB2           00854         INCF    (time + 1)      
02B2   2A81           00855         GOTO    Control_Loop
                      00856         
                      00857 
                      00858 
                      00859     end
MPASM 5.63  /HOME/BEN/DOCUMENTS/BREADBOARDIN   12-17-2015  4:39:12         PAGE 20


SYMBOL TABLE
  LABEL                             VALUE 

ABDEN                             00000000
ABDOVF                            00000007
ACKDT                             00000005
ACKEN                             00000004
ACKSTAT                           00000006
ADCON0                            0000001F
ADCON1                            0000009F
ADCS0                             00000006
ADCS1                             00000007
ADC_CLOCK_SELECT                  B'10'
ADDEN                             00000003
ADFM                              00000007
ADIE                              00000006
ADIF                              00000006
ADON                              00000000
ADRESH                            0000001E
ADRESL                            0000009E
ALARM                             RA4
ALL_OFF                           .13
ANS0                              00000000
ANS1                              00000001
ANS10                             00000002
ANS11                             00000003
ANS12                             00000004
ANS13                             00000005
ANS2                              00000002
ANS3                              00000003
ANS4                              00000004
ANS8                              00000000
ANS9                              00000001
ANSEL                             00000188
ANSELH                            00000189
A_K                               1
A_REF                             0
A_REF_MINUS                       2
BAUDCTL                           00000187
BCLIE                             00000003
BCLIF                             00000003
BF                                00000000
BRG0                              00000000
BRG1                              00000001
BRG10                             00000002
BRG11                             00000003
BRG12                             00000004
BRG13                             00000005
BRG14                             00000006
BRG15                             00000007
BRG16                             00000003
BRG2                              00000002
BRG3                              00000003
BRG4                              00000004
BRG5                              00000005
BRG6                              00000006
MPASM 5.63  /HOME/BEN/DOCUMENTS/BREADBOARDIN   12-17-2015  4:39:12         PAGE 21


SYMBOL TABLE
  LABEL                             VALUE 

BRG7                              00000007
BRG8                              00000000
BRG9                              00000001
BRGH                              00000002
Binary_to_Decimal_for_Minutes     00000043
Binary_to_Decimal_for_Seconds     0000003B
Binary_to_Decimal_for_Temp        00000052
Blink_Red_Once                    000000F7
C                                 00000000
C1CH0                             00000000
C1CH1                             00000001
C1IE                              00000005
C1IF                              00000005
C1OE                              00000005
C1ON                              00000007
C1OUT                             00000006
C1POL                             00000004
C1R                               00000002
C1RSEL                            00000005
C1SEN                             00000005
C2CH0                             00000000
C2CH1                             00000001
C2IE                              00000006
C2IF                              00000006
C2OE                              00000005
C2ON                              00000007
C2OUT                             00000006
C2POL                             00000004
C2R                               00000002
C2REN                             00000004
C2RSEL                            00000004
C2SYNC                            00000000
CCP1CON                           00000017
CCP1IE                            00000002
CCP1IF                            00000002
CCP1M0                            00000000
CCP1M1                            00000001
CCP1M2                            00000002
CCP1M3                            00000003
CCP1X                             00000005
CCP1Y                             00000004
CCP2CON                           0000001D
CCP2IE                            00000000
CCP2IF                            00000000
CCP2M0                            00000000
CCP2M1                            00000001
CCP2M2                            00000002
CCP2M3                            00000003
CCP2X                             00000005
CCP2Y                             00000004
CCPR1                             00000015
CCPR1H                            00000016
CCPR1L                            00000015
MPASM 5.63  /HOME/BEN/DOCUMENTS/BREADBOARDIN   12-17-2015  4:39:12         PAGE 22


SYMBOL TABLE
  LABEL                             VALUE 

CCPR2                             0000001B
CCPR2H                            0000001C
CCPR2L                            0000001B
CELSIUS                           .12
CHS0                              00000002
CHS1                              00000003
CHS2                              00000004
CHS3                              00000005
CKE                               00000006
CKP                               00000004
CLRF_X                            
CM1CON0                           00000107
CM2CON0                           00000108
CM2CON1                           00000109
COPY_X                            
CREN                              00000004
CSRC                              00000007
Check_Door_Contact_Switch         0000021E
Compatibility_Function            00000088
Control_Loop                      00000281
D                                 00000005
DATA_ADDRESS                      00000005
DC                                00000001
DC1B0                             00000004
DC1B1                             00000005
DC2B0                             00000004
DC2B1                             00000005
DEGREE_SIGN                       .11
DELAY                             0000026C
DOWN                              RB5
D_A                               00000005
D_NOT_A                           00000005
Divide_by_60_Loop                 0000002C
Door_Closed                       0000024E
Door_Open                         00000222
DownCheck                         000001BC
ECCPAS                            0000009C
ECCPAS0                           00000004
ECCPAS1                           00000005
ECCPAS2                           00000006
ECCPASE                           00000007
EEADR                             0000010D
EEADRH                            0000010F
EECON1                            0000018C
EECON2                            0000018D
EEDAT                             0000010C
EEDATA                            0000010C
EEDATH                            0000010E
EEIE                              00000004
EEIF                              00000004
EEPGD                             00000007
EE_READ                           0000015F
EE_WRITE                          00000253
MPASM 5.63  /HOME/BEN/DOCUMENTS/BREADBOARDIN   12-17-2015  4:39:12         PAGE 23


SYMBOL TABLE
  LABEL                             VALUE 

F                                 00000001
FERR                              00000002
FOSK_SELECT                       B'111'
FSR                               00000004
FVREN                             00000000
GCEN                              00000007
GIE                               00000007
GO                                00000001
GO_DONE                           00000001
GO_NOT_DONE                       00000001
GRN_LED                           RB3
HEAT                              RA3
HTS                               00000002
I2C_DATA                          00000005
I2C_READ                          00000002
I2C_START                         00000003
I2C_STOP                          00000004
INDF                              00000000
INTCON                            0000000B
INTE                              00000004
INTEDG                            00000006
INTF                              00000001
IOCB                              00000096
IOCB0                             00000000
IOCB1                             00000001
IOCB2                             00000002
IOCB3                             00000003
IOCB4                             00000004
IOCB5                             00000005
IOCB6                             00000006
IOCB7                             00000007
IRCF0                             00000004
IRCF1                             00000005
IRCF2                             00000006
IRP                               00000007
ImplementDown                     000001DB
Increment_Time_and_Continue_to_N  000002AD
Initialize_ADC                    00000117
Initialize_Data                   00000121
Initialize_IO                     000000E1
Initialize_Interupt_Sources       0000012B
Initialize_MAX7219                000000B7
Initialize_Runtime_and_Data_Inde  0000027C
Initialize_SPI                    00000153
Initialize_System_Clock           00000113
Initialize_Timer1_CCP1_and_CCP2   0000013E
Input_Loop                        00000181
Input_Loop_Timeout_Routine        00000175
Interupt_Vector                   00000001
LED_INTENSITY                     .8
LED_Lookup_Table                  00000010
LEFT                              RB4
LTS                               00000001
MPASM 5.63  /HOME/BEN/DOCUMENTS/BREADBOARDIN   12-17-2015  4:39:12         PAGE 24


SYMBOL TABLE
  LABEL                             VALUE 

LastTime                          0000003A
LeftCheck                         000001EC
MAX_ARRAY_SIZE                    .8
MC1OUT                            00000007
MC2OUT                            00000006
MOTOR_ON                          RC0
MSK                               00000093
MSK0                              00000000
MSK1                              00000001
MSK2                              00000002
MSK3                              00000003
MSK4                              00000004
MSK5                              00000005
MSK6                              00000006
MSK7                              00000007
NOT_A                             00000005
NOT_ADDRESS                       00000005
NOT_BO                            00000000
NOT_BOR                           00000000
NOT_DONE                          00000001
NOT_PD                            00000003
NOT_POR                           00000001
NOT_RBPU                          00000007
NOT_RC8                           00000006
NOT_T1SYNC                        00000002
NOT_TO                            00000004
NOT_TX8                           00000006
NOT_W                             00000002
NOT_WRITE                         00000002
OERR                              00000001
OPTION_REG                        00000081
OSCCON                            0000008F
OSCTUNE                           00000090
OSFIE                             00000007
OSFIF                             00000007
OSTS                              00000003
P                                 00000004
P1M0                              00000006
P1M1                              00000007
PCL                               00000002
PCLATH                            0000000A
PCON                              0000008E
PDC0                              00000000
PDC1                              00000001
PDC2                              00000002
PDC3                              00000003
PDC4                              00000004
PDC5                              00000005
PDC6                              00000006
PEIE                              00000006
PEN                               00000002
PIE1                              0000008C
PIE2                              0000008D
MPASM 5.63  /HOME/BEN/DOCUMENTS/BREADBOARDIN   12-17-2015  4:39:12         PAGE 25


SYMBOL TABLE
  LABEL                             VALUE 

PIR1                              0000000C
PIR2                              0000000D
PORTA                             00000005
PORTB                             00000006
PORTC                             00000007
PORTE                             00000009
POSITION_EE                       00000039
POSITION_RAM                      00000038
PR2                               00000092
PRSEN                             00000007
PS0                               00000000
PS1                               00000001
PS2                               00000002
PSA                               00000003
PSSAC0                            00000002
PSSAC1                            00000003
PSSBD0                            00000000
PSSBD1                            00000001
PSTRCON                           0000009D
PULSR                             00000002
PULSS                             00000003
PWM1CON                           0000009B
Prepare_to_Display_Temp           00000065
Prepare_to_Display_Time           0000004B
R                                 00000002
RA0                               00000000
RA1                               00000001
RA2                               00000002
RA3                               00000003
RA4                               00000004
RA5                               00000005
RA6                               00000006
RA7                               00000007
RB0                               00000000
RB1                               00000001
RB2                               00000002
RB3                               00000003
RB4                               00000004
RB5                               00000005
RB6                               00000006
RB7                               00000007
RBIE                              00000003
RBIF                              00000000
RC0                               00000000
RC1                               00000001
RC2                               00000002
RC3                               00000003
RC4                               00000004
RC5                               00000005
RC6                               00000006
RC7                               00000007
RC8_9                             00000006
RC9                               00000006
MPASM 5.63  /HOME/BEN/DOCUMENTS/BREADBOARDIN   12-17-2015  4:39:12         PAGE 26


SYMBOL TABLE
  LABEL                             VALUE 

RCD8                              00000000
RCEN                              00000003
RCIDL                             00000006
RCIE                              00000005
RCIF                              00000005
RCREG                             0000001A
RCSTA                             00000018
RD                                00000000
RE3                               00000003
READ_WRITE                        00000002
RED_LED                           RB3
RIGHT                             RB7
RP0                               00000005
RP1                               00000006
RSEN                              00000001
RX9                               00000006
RX9D                              00000000
R_NOT_W                           00000002
R_W                               00000002
Reinitialize_Timer0               00000214
Reinitialize_Timer0_for_Input_Lo  00000178
Remainder_Restoration             00000063
Reset_Vector                      00000000
RightCheck                        00000200
S                                 00000003
SBOREN                            00000004
SCK                               RC3
SCKP                              00000004
SCS                               00000000
SDI                               RC4
SDO                               RC5
SEMICOLON                         .10
SEN                               00000000
SENDB                             00000003
SMP                               00000007
SPBRG                             00000099
SPBRGH                            0000009A
SPEN                              00000007
SPI_2byte_Transfer                00000096
SPI_tx1                           0000003B
SPI_tx2                           0000003C
SR0                               00000006
SR1                               00000007
SRCON                             00000185
SREN                              00000005
SS                                RA5
SSPADD                            00000093
SSPBUF                            00000013
SSPCON                            00000014
SSPCON2                           00000091
SSPEN                             00000005
SSPIE                             00000003
SSPIF                             00000003
MPASM 5.63  /HOME/BEN/DOCUMENTS/BREADBOARDIN   12-17-2015  4:39:12         PAGE 27


SYMBOL TABLE
  LABEL                             VALUE 

SSPM0                             00000000
SSPM1                             00000001
SSPM2                             00000002
SSPM3                             00000003
SSPMSK                            00000093
SSPOV                             00000006
SSPSTAT                           00000094
START                             RB6
START_BOOLEAN                     1
STATUS                            00000003
STOP                              RB0
STRA                              00000000
STRB                              00000001
STRC                              00000002
STRD                              00000003
STRSYNC                           00000004
SUBWF_X                           
SWDTEN                            00000000
SYNC                              00000004
Seconds_to_Minutes_for_Time       00000027
Start                             00000214
Start_Active_High                 00000196
Start_Active_Low                  00000199
Subtract_Division_Loop            00000056
T0                                00000021
T0CS                              00000005
T0IE                              00000005
T0IF                              00000002
T0SE                              00000004
T1                                00000023
T1CKPS0                           00000004
T1CKPS1                           00000005
T1CON                             00000010
T1GINV                            00000007
T1GIV                             00000007
T1GSS                             00000001
T1INSYNC                          00000002
T1OSCEN                           00000003
T1SYNC                            00000002
T2                                00000025
T2CKPS0                           00000000
T2CKPS1                           00000001
T2CON                             00000012
T3                                00000027
T4                                00000029
T5                                0000002B
T6                                0000002D
T7                                0000002F
TEMP_ARRAY                        0x190
TIMER0_PRESCALAR                  B'110'
TIME_ARRAY                        0x110
TIME_COUNTER_SET_VALUE            .25
TMR0                              00000001
MPASM 5.63  /HOME/BEN/DOCUMENTS/BREADBOARDIN   12-17-2015  4:39:12         PAGE 28


SYMBOL TABLE
  LABEL                             VALUE 

TMR0IE                            00000005
TMR0IF                            00000002
TMR0_PERIOD                       .125
TMR1                              0000000E
TMR1CS                            00000001
TMR1GE                            00000006
TMR1H                             0000000F
TMR1IE                            00000000
TMR1IF                            00000000
TMR1L                             0000000E
TMR1ON                            00000000
TMR2                              00000011
TMR2IE                            00000001
TMR2IF                            00000001
TMR2ON                            00000002
TOUTPS0                           00000003
TOUTPS1                           00000004
TOUTPS2                           00000005
TOUTPS3                           00000006
TRISA                             00000085
TRISA0                            00000000
TRISA1                            00000001
TRISA2                            00000002
TRISA3                            00000003
TRISA4                            00000004
TRISA5                            00000005
TRISA6                            00000006
TRISA7                            00000007
TRISB                             00000086
TRISB0                            00000000
TRISB1                            00000001
TRISB2                            00000002
TRISB3                            00000003
TRISB4                            00000004
TRISB5                            00000005
TRISB6                            00000006
TRISB7                            00000007
TRISC                             00000087
TRISC0                            00000000
TRISC1                            00000001
TRISC2                            00000002
TRISC3                            00000003
TRISC4                            00000004
TRISC5                            00000005
TRISC6                            00000006
TRISC7                            00000007
TRISE                             00000089
TRISE3                            00000003
TRMT                              00000001
TT_BOOLEAN                        0
TUN0                              00000000
TUN1                              00000001
TUN2                              00000002
MPASM 5.63  /HOME/BEN/DOCUMENTS/BREADBOARDIN   12-17-2015  4:39:12         PAGE 29


SYMBOL TABLE
  LABEL                             VALUE 

TUN3                              00000003
TUN4                              00000004
TX8_9                             00000006
TX9                               00000006
TX9D                              00000000
TXD8                              00000000
TXEN                              00000005
TXIE                              00000004
TXIF                              00000004
TXREG                             00000019
TXSTA                             00000098
T_K                               RA1
T_REF                             RA0
Temp                              00000033
TimeCheck                         000001CD
Time_Counting_Loop                000000D1
Turn_on_Fan                       00000279
UA                                00000001
UINT16_T                          2
ULPWUE                            00000005
ULPWUIE                           00000002
ULPWUIF                           00000002
UP                                RB1
UpCheck                           0000019C
Update_5_Digits                   00000069
Update_LED_Display                0000001F
VCFG0                             00000004
VCFG1                             00000005
VR0                               00000000
VR1                               00000001
VR2                               00000002
VR3                               00000003
VRCON                             00000097
VREN                              00000007
VROE                              00000006
VRR                               00000005
VRSS                              00000004
V_REF_MINUS                       RA2
W                                 00000000
WCOL                              00000007
WDTCON                            00000105
WDTPS0                            00000001
WDTPS1                            00000002
WDTPS2                            00000003
WDTPS3                            00000004
WINDING1                          RC2
WINDING2                          RC1
WPUB                              00000095
WPUB0                             00000000
WPUB1                             00000001
WPUB2                             00000002
WPUB3                             00000003
WPUB4                             00000004
MPASM 5.63  /HOME/BEN/DOCUMENTS/BREADBOARDIN   12-17-2015  4:39:12         PAGE 30


SYMBOL TABLE
  LABEL                             VALUE 

WPUB5                             00000005
WPUB6                             00000006
WPUB7                             00000007
WR                                00000001
WREN                              00000002
WRERR                             00000003
WUE                               00000001
Waste_Time                        
Z                                 00000002
_BOR21V                           00003EFF
_BOR40V                           00003FFF
_BOR4V_BOR21V                     00003EFF
_BOR4V_BOR40V                     00003FFF
_BOREN_NSLEEP                     00003EFF
_BOREN_OFF                        00003CFF
_BOREN_ON                         00003FFF
_BOREN_SBODEN                     00003DFF
_BOR_NSLEEP                       00003EFF
_BOR_OFF                          00003CFF
_BOR_ON                           00003FFF
_BOR_SBODEN                       00003DFF
_CONFIG1                          00002007
_CONFIG2                          00002008
_CPD_OFF                          00003FFF
_CPD_ON                           00003F7F
_CP_OFF                           00003FFF
_CP_ON                            00003FBF
_DEBUG_OFF                        00003FFF
_DEBUG_ON                         00001FFF
_DEVID1                           00002006
_EC_OSC                           00003FFB
_EXTRC                            00003FFF
_EXTRCIO                          00003FFE
_EXTRC_OSC_CLKOUT                 00003FFF
_EXTRC_OSC_NOCLKOUT               00003FFE
_FCMEN_OFF                        000037FF
_FCMEN_ON                         00003FFF
_FOSC_EC                          00003FFB
_FOSC_EXTRC_CLKOUT                00003FFF
_FOSC_EXTRC_NOCLKOUT              00003FFE
_FOSC_HS                          00003FFA
_FOSC_INTRC_CLKOUT                00003FFD
_FOSC_INTRC_NOCLKOUT              00003FFC
_FOSC_LP                          00003FF8
_FOSC_XT                          00003FF9
_HS_OSC                           00003FFA
_IDLOC0                           00002000
_IDLOC1                           00002001
_IDLOC2                           00002002
_IDLOC3                           00002003
_IESO_OFF                         00003BFF
_IESO_ON                          00003FFF
_INTOSC                           00003FFD
MPASM 5.63  /HOME/BEN/DOCUMENTS/BREADBOARDIN   12-17-2015  4:39:12         PAGE 31


SYMBOL TABLE
  LABEL                             VALUE 

_INTOSCIO                         00003FFC
_INTRC_OSC_CLKOUT                 00003FFD
_INTRC_OSC_NOCLKOUT               00003FFC
_LP_OSC                           00003FF8
_LVP_OFF                          00002FFF
_LVP_ON                           00003FFF
_MCLRE_OFF                        00003FDF
_MCLRE_ON                         00003FFF
_PWRTE_OFF                        00003FFF
_PWRTE_ON                         00003FEF
_WDTE_OFF                         00003FF7
_WDTE_ON                          00003FFF
_WDT_OFF                          00003FF7
_WDT_ON                           00003FFF
_WRT_1FOURTH                      00003BFF
_WRT_256                          00003DFF
_WRT_HALF                         000039FF
_WRT_OFF                          00003FFF
_XT_OSC                           00003FF9
__16F883                          00000001
booleans_reg                      00000034
data_index                        00000030
datapoint                         00000037
delay1                            00000045
delay2                            00000046
delay3                            00000047
dig1                              00000040
dig2                              00000041
dig3                              00000042
dig4                              00000043
digSpecial                        00000044
minutes                           0000003F
seconds                           0000003D
t0                                00000020
t1                                00000022
t2                                00000024
t3                                00000026
t4                                00000028
t5                                0000002A
t6                                0000002C
t7                                0000002E
temp                              00000048
time                              00000031
time_counter_H                    00000036
time_counter_L                    00000035
MPASM 5.63  /HOME/BEN/DOCUMENTS/BREADBOARDIN   12-17-2015  4:39:12         PAGE 32


MEMORY USAGE MAP ('X' = Used,  '-' = Unused)


0000 : X---XXXXXXXXX--- XXXXXXXXXXXXXXXX XXXXXXXXXXXXXXXX XXXXXXXXXXXXXXXX
0040 : XXXXXXXXXXXXXXXX XXXXXXXXXXXXXXXX XXXXXXXXXXXXXXXX XXXXXXXXXXXXXXXX
0080 : XXXXXXXXXXXXXXXX XXXXXXXXXXXXXXXX XXXXXXXXXXXXXXXX XXXXXXXXXXXXXXXX
00C0 : XXXXXXXXXXXXXXXX XXXXXXXXXXXXXXXX XXXXXXXXXXXXXXXX XXXXXXXXXXXXXXXX
0100 : XXXXXXXXXXXXXXXX XXXXXXXXXXXXXXXX XXXXXXXXXXXXXXXX XXXXXXXXXXXXXXXX
0140 : XXXXXXXXXXXXXXXX XXXXXXXXXXXXXXXX XXXXXXXXXXXXXXXX XXXXXXXXXXXXXXXX
0180 : XXXXXXXXXXXXXXXX XXXXXXXXXXXXXXXX XXXXXXXXXXXXXXXX XXXXXXXXXXXXXXXX
01C0 : XXXXXXXXXXXXXXXX XXXXXXXXXXXXXXXX XXXXXXXXXXXXXXXX XXXXXXXXXXXXXXXX
0200 : XXXXXXXXXXXXXXXX XXXXXXXXXXXXXXXX XXXXXXXXXXXXXXXX XXXXXXXXXXXXXXXX
0240 : XXXXXXXXXXXXXXXX XXXXXXXXXXXXXXXX XXXXXXXXXXXXXXXX XXXXXXXXXXXXXXXX
0280 : XXXXXXXXXXXXXXXX XXXXXXXXXXXXXXXX XXXXXXXXXXXXXXXX XXX-------------
2000 : -------XX------- ---------------- ---------------- ----------------

All other memory blocks unused.

Program Memory Words Used:   685
Program Memory Words Free:  3411


Errors   :     0
Warnings :     0 reported,    20 suppressed
Messages :     0 reported,    52 suppressed

